Component: ARM Compiler 5.06 update 1 (build 61) Tool: armlink [4d35a8]

==============================================================================

Section Cross References

    led.o(.text) refers to stm32f10x_rcc.o(.text) for RCC_APB2PeriphClockCmd
    led.o(.text) refers to stm32f10x_gpio.o(.text) for GPIO_Init
    spi.o(.text) refers to stm32f10x_rcc.o(.text) for RCC_APB2PeriphClockCmd
    spi.o(.text) refers to stm32f10x_gpio.o(.text) for GPIO_PinRemapConfig
    oled.o(.text) refers to stm32f10x_gpio.o(.text) for GPIO_WriteBit
    oled.o(.text) refers to spi.o(.text) for OLED_GPIO_Init
    oled.o(.text) refers to delay.o(.text) for delay_us
    oled.o(.text) refers to oled.o(.constdata) for F8X16
    tim_encoder_speed.o(.text) refers to stm32f10x_rcc.o(.text) for RCC_APB2PeriphClockCmd
    tim_encoder_speed.o(.text) refers to stm32f10x_gpio.o(.text) for GPIO_StructInit
    tim_encoder_speed.o(.text) refers to stm32f10x_tim.o(.text) for TIM_TimeBaseStructInit
    tim_encoder_speed.o(.text) refers to fflt_clz.o(x$fpl$fflt) for __aeabi_i2f
    tim_encoder_speed.o(.text) refers to fdiv.o(x$fpl$fdiv) for __aeabi_fdiv
    tim_encoder_speed.o(.text) refers to fmul.o(x$fpl$fmul) for __aeabi_fmul
    tim_encoder_speed.o(.text) refers to tim_encoder_speed.o(.data) for Encoder_Timer_Overflow_L
    tim_pwm.o(.text) refers to stm32f10x_rcc.o(.text) for RCC_APB2PeriphClockCmd
    tim_pwm.o(.text) refers to stm32f10x_gpio.o(.text) for GPIO_Init
    tim_pwm.o(.text) refers to stm32f10x_tim.o(.text) for TIM_TimeBaseInit
    tim_pwm.o(.text) refers to misc.o(.text) for NVIC_Init
    tim_pwm.o(.text) refers to tim_pwm.o(.data) for tim1_flag
    tcrt500l.o(.text) refers to stm32f10x_rcc.o(.text) for RCC_APB2PeriphClockCmd
    tcrt500l.o(.text) refers to stm32f10x_gpio.o(.text) for GPIO_Init
    adc.o(.text) refers to stm32f10x_dma.o(.text) for DMA_DeInit
    adc.o(.text) refers to stm32f10x_rcc.o(.text) for RCC_APB2PeriphClockCmd
    adc.o(.text) refers to stm32f10x_gpio.o(.text) for GPIO_Init
    adc.o(.text) refers to stm32f10x_adc.o(.text) for ADC_Init
    adc.o(.text) refers to adc.o(.data) for ADC_DMA_ConvertedValues
    mpu9250.o(.text) refers to mpuiic.o(.text) for IIC_Start
    mpu9250.o(.text) refers to delay.o(.text) for delay_ms
    mpu9250.o(.text) refers to dflt_clz.o(x$fpl$dflt) for __aeabi_i2d
    mpu9250.o(.text) refers to ddiv.o(x$fpl$ddiv) for __aeabi_ddiv
    mpu9250.o(.text) refers to daddsub_clz.o(x$fpl$dadd) for __aeabi_dadd
    mpu9250.o(.text) refers to d2f.o(x$fpl$d2f) for __aeabi_d2f
    mpu9250.o(.text) refers to fmul.o(x$fpl$fmul) for __aeabi_fmul
    mpu9250.o(.text) refers to ffix.o(x$fpl$ffix) for __aeabi_f2iz
    mpu9250.o(.text) refers to mpu9250.o(.data) for aacz
    mpuiic.o(.text) refers to stm32f10x_rcc.o(.text) for RCC_APB2PeriphClockCmd
    mpuiic.o(.text) refers to stm32f10x_gpio.o(.text) for GPIO_Init
    mpuiic.o(.text) refers to delay.o(.text) for delay_us
    control.o(.text) refers to dflt_clz.o(x$fpl$dfltu) for __aeabi_ui2d
    control.o(.text) refers to dmul.o(x$fpl$dmul) for __aeabi_dmul
    control.o(.text) refers to dflt_clz.o(x$fpl$dflt) for __aeabi_i2d
    control.o(.text) refers to daddsub_clz.o(x$fpl$dadd) for __aeabi_dadd
    control.o(.text) refers to dfix.o(x$fpl$dfix) for __aeabi_d2iz
    control.o(.text) refers to daddsub_clz.o(x$fpl$dsub) for __aeabi_dsub
    control.o(.text) refers to protocol.o(.text) for packet_bluedata
    control.o(.text) refers to main.o(.data) for M0
    control.o(.text) refers to control.o(.data) for status
    control.o(.text) refers to control.o(.bss) for pid_L
    control.o(.text) refers to fflt_clz.o(x$fpl$fflt) for __aeabi_i2f
    control.o(.text) refers to faddsub_clz.o(x$fpl$fadd) for __aeabi_fadd
    control.o(.text) refers to faddsub_clz.o(x$fpl$fsub) for __aeabi_fsub
    control.o(.text) refers to fmul.o(x$fpl$fmul) for __aeabi_fmul
    control.o(.text) refers to ffix.o(x$fpl$ffix) for __aeabi_f2iz
    control.o(.text) refers to fflt_clz.o(x$fpl$ffltu) for __aeabi_ui2f
    control.o(.text) refers to fdiv.o(x$fpl$fdiv) for __aeabi_fdiv
    control.o(.text) refers to rt_memcpy_w.o(.text) for __aeabi_memcpy4
    control.o(.text) refers to stm32f10x_tim.o(.text) for TIM_SetCompare4
    control.o(.text) refers to tim_pwm.o(.text) for PWM_Start
    control.o(.text) refers to protocol.o(.data) for Speed
    control.o(.text) refers to tim_encoder_speed.o(.data) for encoderNum_R
    gpio.o(.text) refers to stm32f10x_rcc.o(.text) for RCC_APB2PeriphClockCmd
    gpio.o(.text) refers to stm32f10x_gpio.o(.text) for GPIO_Init
    main.o(.text) refers to delay.o(.text) for delay_init
    main.o(.text) refers to sys.o(.text) for RCC_Configuration
    main.o(.text) refers to led.o(.text) for LED_Init
    main.o(.text) refers to oled.o(.text) for OLED_Init
    main.o(.text) refers to tcrt500l.o(.text) for tcrt500l_init
    main.o(.text) refers to usart.o(.text) for uart1_init
    main.o(.text) refers to tim_pwm.o(.text) for tim1_init
[...]
    ../clib/heapalloc.c                      0x00000000   Number         0  hrguard.o ABSOLUTE
    ../clib/heapaux.c                        0x00000000   Number         0  heapauxi.o ABSOLUTE
    ../clib/libinit.s                        0x00000000   Number         0  libshutdown.o ABSOLUTE
    ../clib/libinit.s                        0x00000000   Number         0  libinit.o ABSOLUTE
    ../clib/libinit.s                        0x00000000   Number         0  libinit2.o ABSOLUTE
    ../clib/libinit.s                        0x00000000   Number         0  libshutdown2.o ABSOLUTE
    ../clib/memcpset.s                       0x00000000   Number         0  rt_memcpy_w.o ABSOLUTE
    ../clib/signal.c                         0x00000000   Number         0  defsig_stak_inner.o ABSOLUTE
    ../clib/signal.c                         0x00000000   Number         0  defsig_segv_inner.o ABSOLUTE
    ../clib/signal.c                         0x00000000   Number         0  defsig_other.o ABSOLUTE
    ../clib/signal.c                         0x00000000   Number         0  defsig_cppl_inner.o ABSOLUTE
    ../clib/signal.c                         0x00000000   Number         0  defsig_fpe_inner.o ABSOLUTE
    ../clib/signal.c                         0x00000000   Number         0  defsig_abrt_inner.o ABSOLUTE
    ../clib/signal.c                         0x00000000   Number         0  defsig_general.o ABSOLUTE
    ../clib/signal.c                         0x00000000   Number         0  defsig_rtmem_outer.o ABSOLUTE
    ../clib/signal.c                         0x00000000   Number         0  __raise.o ABSOLUTE
    ../clib/signal.c                         0x00000000   Number         0  defsig_rtmem_inner.o ABSOLUTE
    ../clib/signal.c                         0x00000000   Number         0  defsig_exit.o ABSOLUTE
    ../clib/signal.c                         0x00000000   Number         0  defsig_rtred_inner.o ABSOLUTE
    ../clib/signal.c                         0x00000000   Number         0  defsig_rtmem_formal.o ABSOLUTE
    ../clib/signal.c                         0x00000000   Number         0  defsig_pvfn_inner.o ABSOLUTE
    ../clib/signal.s                         0x00000000   Number         0  defsig.o ABSOLUTE
    ../clib/stdlib.c                         0x00000000   Number         0  exit.o ABSOLUTE
    ../fplib/d2f.s                           0x00000000   Number         0  d2f.o ABSOLUTE
    ../fplib/daddsub.s                       0x00000000   Number         0  daddsub_clz.o ABSOLUTE
    ../fplib/ddiv.s                          0x00000000   Number         0  ddiv.o ABSOLUTE
    ../fplib/dfix.s                          0x00000000   Number         0  dfix.o ABSOLUTE
    ../fplib/dflt.s                          0x00000000   Number         0  dflt_clz.o ABSOLUTE
    ../fplib/dmul.s                          0x00000000   Number         0  dmul.o ABSOLUTE
    ../fplib/dnaninf.s                       0x00000000   Number         0  dnaninf.o ABSOLUTE
    ../fplib/dretinf.s                       0x00000000   Number         0  dretinf.o ABSOLUTE
    ../fplib/faddsub.s                       0x00000000   Number         0  faddsub_clz.o ABSOLUTE
    ../fplib/fdiv.s                          0x00000000   Number         0  fdiv.o ABSOLUTE
    ../fplib/ffix.s                          0x00000000   Number         0  ffix.o ABSOLUTE
    ../fplib/fflt.s                          0x00000000   Number         0  fflt_clz.o ABSOLUTE
    ../fplib/fmul.s                          0x00000000   Number         0  fmul.o ABSOLUTE
    ../fplib/fnaninf.s                       0x00000000   Number         0  fnaninf.o ABSOLUTE
    ../fplib/fpinit.s                        0x00000000   Number         0  fpinit.o ABSOLUTE
    ../fplib/fretinf.s                       0x00000000   Number         0  fretinf.o ABSOLUTE
    ../fplib/usenofp.s                       0x00000000   Number         0  usenofp.o ABSOLUTE
    ..\CORE\core_cm3.c                       0x00000000   Number         0  core_cm3.o ABSOLUTE
    ..\CORE\startup_stm32f10x_md.s           0x00000000   Number         0  startup_stm32f10x_md.o ABSOLUTE
    ..\HARDWARE\Encoder_speed\Tim_encoder_speed.c 0x00000000   Number         0  tim_encoder_speed.o ABSOLUTE
    ..\HARDWARE\GPIO\gpio.c                  0x00000000   Number         0  gpio.o ABSOLUTE
    ..\HARDWARE\LED\led.c                    0x00000000   Number         0  led.o ABSOLUTE
    ..\HARDWARE\MPU9250\mpu9250.c            0x00000000   Number         0  mpu9250.o ABSOLUTE
    ..\HARDWARE\MPUIIC\mpuiic.c              0x00000000   Number         0  mpuiic.o ABSOLUTE
    ..\HARDWARE\OLED\oled.c                  0x00000000   Number         0  oled.o ABSOLUTE
    ..\HARDWARE\TCRT500L\tcrt500l.c          0x00000000   Number         0  tcrt500l.o ABSOLUTE
    ..\HARDWARE\Tim_pwm\Tim_pwm.c            0x00000000   Number         0  tim_pwm.o ABSOLUTE
    ..\HARDWARE\adc\adc.c                    0x00000000   Number         0  adc.o ABSOLUTE
    ..\HARDWARE\control\control.c            0x00000000   Number         0  control.o ABSOLUTE
    ..\HARDWARE\spi\spi.c                    0x00000000   Number         0  spi.o ABSOLUTE
    ..\STM32F10x_FWLib\src\misc.c            0x00000000   Number         0  misc.o ABSOLUTE
    ..\STM32F10x_FWLib\src\stm32f10x_adc.c   0x00000000   Number         0  stm32f10x_adc.o ABSOLUTE
    ..\STM32F10x_FWLib\src\stm32f10x_bkp.c   0x00000000   Number         0  stm32f10x_bkp.o ABSOLUTE
    ..\STM32F10x_FWLib\src\stm32f10x_can.c   0x00000000   Number         0  stm32f10x_can.o ABSOLUTE
    ..\STM32F10x_FWLib\src\stm32f10x_cec.c   0x00000000   Number         0  stm32f10x_cec.o ABSOLUTE
    ..\STM32F10x_FWLib\src\stm32f10x_crc.c   0x00000000   Number         0  stm32f10x_crc.o ABSOLUTE
    ..\STM32F10x_FWLib\src\stm32f10x_dac.c   0x00000000   Number         0  stm32f10x_dac.o ABSOLUTE
    ..\STM32F10x_FWLib\src\stm32f10x_dbgmcu.c 0x00000000   Number         0  stm32f10x_dbgmcu.o ABSOLUTE
    ..\STM32F10x_FWLib\src\stm32f10x_dma.c   0x00000000   Number         0  stm32f10x_dma.o ABSOLUTE
    ..\STM32F10x_FWLib\src\stm32f10x_exti.c  0x00000000   Number         0  stm32f10x_exti.o ABSOLUTE
    ..\STM32F10x_FWLib\src\stm32f10x_flash.c 0x00000000   Number         0  stm32f10x_flash.o ABSOLUTE
    ..\STM32F10x_FWLib\src\stm32f10x_fsmc.c  0x00000000   Number         0  stm32f10x_fsmc.o ABSOLUTE
    ..\STM32F10x_FWLib\src\stm32f10x_gpio.c  0x00000000   Number         0  stm32f10x_gpio.o ABSOLUTE
    ..\STM32F10x_FWLib\src\stm32f10x_i2c.c   0x00000000   Number         0  stm32f10x_i2c.o ABSOLUTE
    ..\STM32F10x_FWLib\src\stm32f10x_iwdg.c  0x00000000   Number         0  stm32f10x_iwdg.o ABSOLUTE
    ..\STM32F10x_FWLib\src\stm32f10x_pwr.c   0x00000000   Number         0  stm32f10x_pwr.o ABSOLUTE
    ..\STM32F10x_FWLib\src\stm32f10x_rcc.c   0x00000000   Number         0  stm32f10x_rcc.o ABSOLUTE
    ..\STM32F10x_FWLib\src\stm32f10x_rtc.c   0x00000000   Number         0  stm32f10x_rtc.o ABSOLUTE
    ..\STM32F10x_FWLib\src\stm32f10x_sdio.c  0x00000000   Number         0  stm32f10x_sdio.o ABSOLUTE
    ..\STM32F10x_FWLib\src\stm32f10x_spi.c   0x00000000   Number         0  stm32f10x_spi.o ABSOLUTE
    ..\STM32F10x_FWLib\src\stm32f10x_tim.c   0x00000000   Number         0  stm32f10x_tim.o ABSOLUTE
    ..\STM32F10x_FWLib\src\stm32f10x_usart.c 0x00000000   Number         0  stm32f10x_usart.o ABSOLUTE
    ..\STM32F10x_FWLib\src\stm32f10x_wwdg.c  0x00000000   Number         0  stm32f10x_wwdg.o ABSOLUTE
    ..\SYSTEM\delay\delay.c                  0x00000000   Number         0  delay.o ABSOLUTE
    ..\SYSTEM\protocol\protocol.c            0x00000000   Number         0  protocol.o ABSOLUTE
    ..\SYSTEM\sys\sys.c                      0x00000000   Number         0  sys.o ABSOLUTE
    ..\SYSTEM\usart\usart.c                  0x00000000   Number         0  usart.o ABSOLUTE
    ..\\CORE\\core_cm3.c                     0x00000000   Number         0  core_cm3.o ABSOLUTE
    ..\\SYSTEM\\sys\\sys.c                   0x00000000   Number         0  sys.o ABSOLUTE
    dc.s                                     0x00000000   Number         0  dc.o ABSOLUTE
    main.c                                   0x00000000   Number         0  main.o ABSOLUTE
    stm32f10x_it.c                           0x00000000   Number         0  stm32f10x_it.o ABSOLUTE
    system_stm32f10x.c                       0x00000000   Number         0  system_stm32f10x.o ABSOLUTE
    RESET                                    0x08000000   Section      236  startup_stm32f10x_md.o(RESET)
    !!!main                                  0x080000ec   Section        8  __main.o(!!!main)
    !!!scatter                               0x080000f4   Section       52  __scatter.o(!!!scatter)
    !!handler_copy                           0x08000128   Section       26  __scatter_copy.o(!!handler_copy)
    !!handler_zi                             0x08000144   Section       28  __scatter_zi.o(!!handler_zi)
    .ARM.Collect$$libinit$$00000000          0x08000160   Section        2  libinit.o(.ARM.Collect$$libinit$$00000000)
    .ARM.Collect$$libinit$$00000002          0x08000162   Section        0  libinit2.o(.ARM.Collect$$libinit$$00000002)
    .ARM.Collect$$libinit$$00000004          0x08000162   Section        0  libinit2.o(.ARM.Collect$$libinit$$00000004)
    .ARM.Collect$$libinit$$0000000A          0x08000162   Section        0  libinit2.o(.ARM.Collect$$libinit$$0000000A)
    .ARM.Collect$$libinit$$0000000C          0x08000162   Section        0  libinit2.o(.ARM.Collect$$libinit$$0000000C)
    .ARM.Collect$$libinit$$0000000E          0x08000162   Section        0  libinit2.o(.ARM.Collect$$libinit$$0000000E)
    .ARM.Collect$$libinit$$00000011          0x08000162   Section        0  libinit2.o(.ARM.Collect$$libinit$$00000011)
    .ARM.Collect$$libinit$$00000013          0x08000162   Section        0  libinit2.o(.ARM.Collect$$libinit$$00000013)
    .ARM.Collect$$libinit$$00000015          0x08000162   Section        0  libinit2.o(.ARM.Collect$$libinit$$00000015)
    .ARM.Collect$$libinit$$00000017          0x08000162   Section        0  libinit2.o(.ARM.Collect$$libinit$$00000017)
    .ARM.Collect$$libinit$$00000019          0x08000162   Section        0  libinit2.o(.ARM.Collect$$libinit$$00000019)
    .ARM.Collect$$libinit$$0000001B          0x08000162   Section        0  libinit2.o(.ARM.Collect$$libinit$$0000001B)
    .ARM.Collect$$libinit$$0000001D          0x08000162   Section        0  libinit2.o(.ARM.Collect$$libinit$$0000001D)
    .ARM.Collect$$libinit$$0000001F          0x08000162   Section        0  libinit2.o(.ARM.Collect$$libinit$$0000001F)
    .ARM.Collect$$libinit$$00000021          0x08000162   Section        0  libinit2.o(.ARM.Collect$$libinit$$00000021)
    .ARM.Collect$$libinit$$00000023          0x08000162   Section        0  libinit2.o(.ARM.Collect$$libinit$$00000023)
    .ARM.Collect$$libinit$$00000025          0x08000162   Section        0  libinit2.o(.ARM.Collect$$libinit$$00000025)
    .ARM.Collect$$libinit$$0000002C          0x08000162   Section        0  libinit2.o(.ARM.Collect$$libinit$$0000002C)
    .ARM.Collect$$libinit$$0000002E          0x08000162   Section        0  libinit2.o(.ARM.Collect$$libinit$$0000002E)
    .ARM.Collect$$libinit$$00000030          0x08000162   Section        0  libinit2.o(.ARM.Collect$$libinit$$00000030)
    .ARM.Collect$$libinit$$00000032          0x08000162   Section        0  libinit2.o(.ARM.Collect$$libinit$$00000032)
    .ARM.Collect$$libinit$$00000033          0x08000162   Section        2  libinit2.o(.ARM.Collect$$libinit$$00000033)
    .ARM.Collect$$libshutdown$$00000000      0x08000164   Section        2  libshutdown.o(.ARM.Collect$$libshutdown$$00000000)
    .ARM.Collect$$libshutdown$$00000002      0x08000166   Section        0  libshutdown2.o(.ARM.Collect$$libshutdown$$00000002)
    .ARM.Collect$$libshutdown$$00000004      0x08000166   Section        0  libshutdown2.o(.ARM.Collect$$libshutdown$$00000004)
    .ARM.Collect$$libshutdown$$00000007      0x08000166   Section        0  libshutdown2.o(.ARM.Collect$$libshutdown$$00000007)
    .ARM.Collect$$libshutdown$$0000000A      0x08000166   Section        0  libshutdown2.o(.ARM.Collect$$libshutdown$$0000000A)
    .ARM.Collect$$libshutdown$$0000000C      0x08000166   Section        0  libshutdown2.o(.ARM.Collect$$libshutdown$$0000000C)
    .ARM.Collect$$libshutdown$$0000000F      0x08000166   Section        0  libshutdown2.o(.ARM.Collect$$libshutdown$$0000000F)
    .ARM.Collect$$libshutdown$$00000010      0x08000166   Section        2  libshutdown2.o(.ARM.Collect$$libshutdown$$00000010)
    .ARM.Collect$$rtentry$$00000000          0x08000168   Section        0  __rtentry.o(.ARM.Collect$$rtentry$$00000000)
    .ARM.Collect$$rtentry$$00000002          0x08000168   Section        0  __rtentry2.o(.ARM.Collect$$rtentry$$00000002)
    .ARM.Collect$$rtentry$$00000004          0x08000168   Section        6  __rtentry4.o(.ARM.Collect$$rtentry$$00000004)
    .ARM.Collect$$rtentry$$00000009          0x0800016e   Section        0  __rtentry2.o(.ARM.Collect$$rtentry$$00000009)
    .ARM.Collect$$rtentry$$0000000A          0x0800016e   Section        4  __rtentry2.o(.ARM.Collect$$rtentry$$0000000A)
    .ARM.Collect$$rtentry$$0000000C          0x08000172   Section        0  __rtentry2.o(.ARM.Collect$$rtentry$$0000000C)
    .ARM.Collect$$rtentry$$0000000D          0x08000172   Section        8  __rtentry2.o(.ARM.Collect$$rtentry$$0000000D)
    .ARM.Collect$$rtexit$$00000000           0x0800017a   Section        2  rtexit.o(.ARM.Collect$$rtexit$$00000000)
    .ARM.Collect$$rtexit$$00000002           0x0800017c   Section        0  rtexit2.o(.ARM.Collect$$rtexit$$00000002)
    .ARM.Collect$$rtexit$$00000003           0x0800017c   Section        4  rtexit2.o(.ARM.Collect$$rtexit$$00000003)
    .ARM.Collect$$rtexit$$00000004           0x08000180   Section        6  rtexit2.o(.ARM.Collect$$rtexit$$00000004)
    .emb_text                                0x08000188   Section       12  sys.o(.emb_text)
    .text                                    0x08000194   Section        0  led.o(.text)
    .text                                    0x080001c8   Section        0  spi.o(.text)
    .text                                    0x08000240   Section        0  oled.o(.text)
    .text                                    0x08000670   Section        0  tim_encoder_speed.o(.text)
    .text                                    0x08000900   Section        0  tim_pwm.o(.text)
    .text                                    0x08000a98   Section        0  tcrt500l.o(.text)
    .text                                    0x08000ae0   Section        0  mpu9250.o(.text)
    .text                                    0x08000f40   Section        0  mpuiic.o(.text)
    .text                                    0x080011dc   Section        0  control.o(.text)
    .text                                    0x080019c4   Section        0  main.o(.text)
    .text                                    0x08001bb0   Section        0  stm32f10x_it.o(.text)
    .text                                    0x08001bc8   Section        0  system_stm32f10x.o(.text)
    SetSysClockTo72                          0x08001bc9   Thumb Code   214  system_stm32f10x.o(.text)
    SetSysClock                              0x08001c9f   Thumb Code     8  system_stm32f10x.o(.text)
    .text                                    0x08001da8   Section       64  startup_stm32f10x_md.o(.text)
    .text                                    0x08001de8   Section        0  misc.o(.text)
    .text                                    0x08001ec4   Section        0  stm32f10x_flash.o(.text)
    .text                                    0x08002480   Section        0  stm32f10x_gpio.o(.text)
    .text                                    0x080027dc   Section        0  stm32f10x_rcc.o(.text)
    .text                                    0x08002b80   Section        0  stm32f10x_tim.o(.text)
    TI4_Config                               0x08003027   Thumb Code   130  stm32f10x_tim.o(.text)
    TI3_Config                               0x080030bb   Thumb Code   122  stm32f10x_tim.o(.text)
    TI2_Config                               0x0800314f   Thumb Code   130  stm32f10x_tim.o(.text)
    TI1_Config                               0x080031e3   Thumb Code   108  stm32f10x_tim.o(.text)
    .text                                    0x0800399c   Section        0  stm32f10x_usart.o(.text)
    .text                                    0x08003da4   Section        0  delay.o(.text)
    .text                                    0x08003e78   Section        0  sys.o(.text)
    .text                                    0x080041a4   Section        0  usart.o(.text)
    .text                                    0x080042bc   Section        0  protocol.o(.text)
    .text                                    0x080043f4   Section      100  rt_memcpy_w.o(.text)
    .text                                    0x08004458   Section        0  heapauxi.o(.text)
    .text                                    0x0800445e   Section       74  sys_stackheap_outer.o(.text)
    .text                                    0x080044a8   Section        0  exit.o(.text)
    .text                                    0x080044bc   Section        8  libspace.o(.text)
    .text                                    0x080044c4   Section        0  sys_exit.o(.text)
    .text                                    0x080044d0   Section        2  use_no_semi.o(.text)
    .text                                    0x080044d2   Section        0  indicate_semi.o(.text)
    x$fpl$d2f                                0x080044d4   Section       98  d2f.o(x$fpl$d2f)
    x$fpl$dadd                               0x08004538   Section      336  daddsub_clz.o(x$fpl$dadd)
    _dadd1                                   0x08004549   Thumb Code     0  daddsub_clz.o(x$fpl$dadd)
    x$fpl$ddiv                               0x08004688   Section      688  ddiv.o(x$fpl$ddiv)
    ddiv_entry                               0x0800468f   Thumb Code     0  ddiv.o(x$fpl$ddiv)
    x$fpl$dfix                               0x08004938   Section       94  dfix.o(x$fpl$dfix)
    x$fpl$dflt                               0x08004996   Section       46  dflt_clz.o(x$fpl$dflt)
    x$fpl$dfltu                              0x080049c4   Section       38  dflt_clz.o(x$fpl$dfltu)
    x$fpl$dmul                               0x080049ec   Section      340  dmul.o(x$fpl$dmul)
    x$fpl$dnaninf                            0x08004b40   Section      156  dnaninf.o(x$fpl$dnaninf)
    x$fpl$dretinf                            0x08004bdc   Section       12  dretinf.o(x$fpl$dretinf)
    x$fpl$dsub                               0x08004be8   Section      468  daddsub_clz.o(x$fpl$dsub)
    _dsub1                                   0x08004bf9   Thumb Code     0  daddsub_clz.o(x$fpl$dsub)
    x$fpl$fadd                               0x08004dbc   Section      196  faddsub_clz.o(x$fpl$fadd)
    _fadd1                                   0x08004dcb   Thumb Code     0  faddsub_clz.o(x$fpl$fadd)
    x$fpl$fdiv                               0x08004e80   Section      388  fdiv.o(x$fpl$fdiv)
    _fdiv1                                   0x08004e81   Thumb Code     0  fdiv.o(x$fpl$fdiv)
    x$fpl$ffix                               0x08005004   Section       54  ffix.o(x$fpl$ffix)
    x$fpl$fflt                               0x0800503c   Section       48  fflt_clz.o(x$fpl$fflt)
    x$fpl$ffltu                              0x0800506c   Section       38  fflt_clz.o(x$fpl$ffltu)
    x$fpl$fmul                               0x08005094   Section      258  fmul.o(x$fpl$fmul)
    x$fpl$fnaninf                            0x08005196   Section      140  fnaninf.o(x$fpl$fnaninf)
    x$fpl$fretinf                            0x08005222   Section       10  fretinf.o(x$fpl$fretinf)
    x$fpl$fsub                               0x0800522c   Section      234  faddsub_clz.o(x$fpl$fsub)
    _fsub1                                   0x0800523b   Thumb Code     0  faddsub_clz.o(x$fpl$fsub)
    .constdata                               0x08005316   Section     2456  oled.o(.constdata)
    x$fpl$usenofp                            0x08005316   Section        0  usenofp.o(x$fpl$usenofp)
    .data                                    0x20000000   Section       20  tim_encoder_speed.o(.data)
    .data                                    0x20000014   Section        3  tim_pwm.o(.data)
    .data                                    0x20000018   Section       18  mpu9250.o(.data)
    .data                                    0x2000002c   Section       32  control.o(.data)
    Bias                                     0x20000040   Data           4  control.o(.data)
    Integral_bias                            0x20000044   Data           4  control.o(.data)
    Last_Bias                                0x20000048   Data           4  control.o(.data)
    .data                                    0x2000004c   Section        5  main.o(.data)
    .data                                    0x20000054   Section       20  system_stm32f10x.o(.data)
    .data                                    0x20000068   Section       20  stm32f10x_rcc.o(.data)
    APBAHBPrescTable                         0x20000068   Data          16  stm32f10x_rcc.o(.data)
    ADCPrescTable                            0x20000078   Data           4  stm32f10x_rcc.o(.data)
    .data                                    0x2000007c   Section        4  delay.o(.data)
    fac_us                                   0x2000007c   Data           1  delay.o(.data)
    fac_ms                                   0x2000007e   Data           2  delay.o(.data)
    .data                                    0x20000080   Section       23  protocol.o(.data)
    .bss                                     0x20000098   Section       80  control.o(.bss)
    .bss                                     0x200000e8   Section       28  protocol.o(.bss)
    .bss                                     0x20000104   Section       96  libspace.o(.bss)
    HEAP                                     0x20000168   Section      512  startup_stm32f10x_md.o(HEAP)
    Heap_Mem                                 0x20000168   Data         512  startup_stm32f10x_md.o(HEAP)
    STACK                                    0x20000368   Section     1024  startup_stm32f10x_md.o(STACK)
    Stack_Mem                                0x20000368   Data        1024  startup_stm32f10x_md.o(STACK)
    __initial_sp                             0x20000768   Data           0  startup_stm32f10x_md.o(STACK)

    Global Symbols

    Symbol Name                              Value     Ov Type        Size  Object(Section)

    BuildAttributes$$THM_ISAv4$P$D$K$B$S$PE$A:L22UL41UL21$X:L11$S22US41US21$IEEE1$IW$USESV6$~STKCKD$USESV7$~SHL$OSPACE$ROPI$EBA8$UX$STANDARDLIB$REQ8$PRES8$EABIv2 0x00000000   Number         0  anon$$obj.o ABSOLUTE
    __ARM_use_no_argv                        0x00000000   Number         0  main.o ABSOLUTE
    __ARM_exceptions_init                     - Undefined Weak Reference
    __alloca_initialize                       - Undefined Weak Reference
    __arm_preinit_                            - Undefined Weak Reference
    __cpp_initialize__aeabi_                  - Undefined Weak Reference
    __cxa_finalize                            - Undefined Weak Reference
    __rt_locale                               - Undefined Weak Reference
    __sigvec_lookup                           - Undefined Weak Reference
    _atexit_init                              - Undefined Weak Reference
    _call_atexit_fns                          - Undefined Weak Reference
    _clock_init                               - Undefined Weak Reference
    _fp_trap_init                             - Undefined Weak Reference
    _fp_trap_shutdown                         - Undefined Weak Reference
    _get_lc_collate                           - Undefined Weak Reference
    _get_lc_ctype                             - Undefined Weak Reference
    _get_lc_monetary                          - Undefined Weak Reference
    _get_lc_numeric                           - Undefined Weak Reference
    _get_lc_time                              - Undefined Weak Reference
    _getenv_init                              - Undefined Weak Reference
    _handle_redirection                       - Undefined Weak Reference
    _init_alloc                               - Undefined Weak Reference
    _init_user_alloc                          - Undefined Weak Reference
    _initio                                   - Undefined Weak Reference
    _rand_init                                - Undefined Weak Reference
    _signal_finish                            - Undefined Weak Reference
    _signal_init                              - Undefined Weak Reference
    _terminate_alloc                          - Undefined Weak Reference
    _terminate_user_alloc                     - Undefined Weak Reference
    _terminateio                              - Undefined Weak Reference
    __Vectors_Size                           0x000000ec   Number         0  startup_stm32f10x_md.o ABSOLUTE
    __Vectors                                0x08000000   Data           4  startup_stm32f10x_md.o(RESET)
    __Vectors_End                            0x080000ec   Data           0  startup_stm32f10x_md.o(RESET)
    __main                                   0x080000ed   Thumb Code     8  __main.o(!!!main)
    __scatterload                            0x080000f5   Thumb Code     0  __scatter.o(!!!scatter)
    __scatterload_rt2                        0x080000f5   Thumb Code    44  __scatter.o(!!!scatter)
    __scatterload_rt2_thumb_only             0x080000f5   Thumb Code     0  __scatter.o(!!!scatter)
    __scatterload_null                       0x08000103   Thumb Code     0  __scatter.o(!!!scatter)
    __scatterload_copy                       0x08000129   Thumb Code    26  __scatter_copy.o(!!handler_copy)
    __scatterload_zeroinit                   0x08000145   Thumb Code    28  __scatter_zi.o(!!handler_zi)
    __rt_lib_init                            0x08000161   Thumb Code     0  libinit.o(.ARM.Collect$$libinit$$00000000)
    __rt_lib_init_alloca_1                   0x08000163   Thumb Code     0  libinit2.o(.ARM.Collect$$libinit$$0000002E)
    __rt_lib_init_argv_1                     0x08000163   Thumb Code     0  libinit2.o(.ARM.Collect$$libinit$$0000002C)
    __rt_lib_init_atexit_1                   0x08000163   Thumb Code     0  libinit2.o(.ARM.Collect$$libinit$$0000001B)
    __rt_lib_init_clock_1                    0x08000163   Thumb Code     0  libinit2.o(.ARM.Collect$$libinit$$00000021)
    __rt_lib_init_cpp_1                      0x08000163   Thumb Code     0  libinit2.o(.ARM.Collect$$libinit$$00000032)
    __rt_lib_init_exceptions_1               0x08000163   Thumb Code     0  libinit2.o(.ARM.Collect$$libinit$$00000030)
    __rt_lib_init_fp_1                       0x08000163   Thumb Code     0  libinit2.o(.ARM.Collect$$libinit$$00000002)
    __rt_lib_init_fp_trap_1                  0x08000163   Thumb Code     0  libinit2.o(.ARM.Collect$$libinit$$0000001F)
    __rt_lib_init_getenv_1                   0x08000163   Thumb Code     0  libinit2.o(.ARM.Collect$$libinit$$00000023)
    __rt_lib_init_heap_1                     0x08000163   Thumb Code     0  libinit2.o(.ARM.Collect$$libinit$$0000000A)
    __rt_lib_init_lc_collate_1               0x08000163   Thumb Code     0  libinit2.o(.ARM.Collect$$libinit$$00000011)
    __rt_lib_init_lc_ctype_1                 0x08000163   Thumb Code     0  libinit2.o(.ARM.Collect$$libinit$$00000013)
    __rt_lib_init_lc_monetary_1              0x08000163   Thumb Code     0  libinit2.o(.ARM.Collect$$libinit$$00000015)
    __rt_lib_init_lc_numeric_1               0x08000163   Thumb Code     0  libinit2.o(.ARM.Collect$$libinit$$00000017)
    __rt_lib_init_lc_time_1                  0x08000163   Thumb Code     0  libinit2.o(.ARM.Collect$$libinit$$00000019)
    __rt_lib_init_preinit_1                  0x08000163   Thumb Code     0  libinit2.o(.ARM.Collect$$libinit$$00000004)
    __rt_lib_init_rand_1                     0x08000163   Thumb Code     0  libinit2.o(.ARM.Collect$$libinit$$0000000E)
    __rt_lib_init_return                     0x08000163   Thumb Code     0  libinit2.o(.ARM.Collect$$libinit$$00000033)
    __rt_lib_init_signal_1                   0x08000163   Thumb Code     0  libinit2.o(.ARM.Collect$$libinit$$0000001D)
    __rt_lib_init_stdio_1                    0x08000163   Thumb Code     0  libinit2.o(.ARM.Collect$$libinit$$00000025)
    __rt_lib_init_user_alloc_1               0x08000163   Thumb Code     0  libinit2.o(.ARM.Collect$$libinit$$0000000C)
    __rt_lib_shutdown                        0x08000165   Thumb Code     0  libshutdown.o(.ARM.Collect$$libshutdown$$00000000)
    __rt_lib_shutdown_cpp_1                  0x08000167   Thumb Code     0  libshutdown2.o(.ARM.Collect$$libshutdown$$00000002)
    __rt_lib_shutdown_fp_trap_1              0x08000167   Thumb Code     0  libshutdown2.o(.ARM.Collect$$libshutdown$$00000007)
    __rt_lib_shutdown_heap_1                 0x08000167   Thumb Code     0  libshutdown2.o(.ARM.Collect$$libshutdown$$0000000F)
    __rt_lib_shutdown_return                 0x08000167   Thumb Code     0  libshutdown2.o(.ARM.Collect$$libshutdown$$00000010)
    __rt_lib_shutdown_signal_1               0x08000167   Thumb Code     0  libshutdown2.o(.ARM.Collect$$libshutdown$$0000000A)
    __rt_lib_shutdown_stdio_1                0x08000167   Thumb Code     0  libshutdown2.o(.ARM.Collect$$libshutdown$$00000004)
    __rt_lib_shutdown_user_alloc_1           0x08000167   Thumb Code     0  libshutdown2.o(.ARM.Collect$$libshutdown$$0000000C)
    __rt_entry                               0x08000169   Thumb Code     0  __rtentry.o(.ARM.Collect$$rtentry$$00000000)
    __rt_entry_presh_1                       0x08000169   Thumb Code     0  __rtentry2.o(.ARM.Collect$$rtentry$$00000002)
    __rt_entry_sh                            0x08000169   Thumb Code     0  __rtentry4.o(.ARM.Collect$$rtentry$$00000004)
    __rt_entry_li                            0x0800016f   Thumb Code     0  __rtentry2.o(.ARM.Collect$$rtentry$$0000000A)
    __rt_entry_postsh_1                      0x0800016f   Thumb Code     0  __rtentry2.o(.ARM.Collect$$rtentry$$00000009)
    __rt_entry_main                          0x08000173   Thumb Code     0  __rtentry2.o(.ARM.Collect$$rtentry$$0000000D)
    __rt_entry_postli_1                      0x08000173   Thumb Code     0  __rtentry2.o(.ARM.Collect$$rtentry$$0000000C)
    __rt_exit                                0x0800017b   Thumb Code     0  rtexit.o(.ARM.Collect$$rtexit$$00000000)
    __rt_exit_ls                             0x0800017d   Thumb Code     0  rtexit2.o(.ARM.Collect$$rtexit$$00000003)
    __rt_exit_prels_1                        0x0800017d   Thumb Code     0  rtexit2.o(.ARM.Collect$$rtexit$$00000002)
    __rt_exit_exit                           0x08000181   Thumb Code     0  rtexit2.o(.ARM.Collect$$rtexit$$00000004)
    WFI_SET                                  0x08000189   Thumb Code     2  sys.o(.emb_text)
    INTX_DISABLE                             0x0800018b   Thumb Code     2  sys.o(.emb_text)
    INTX_ENABLE                              0x0800018d   Thumb Code     2  sys.o(.emb_text)
    MSR_MSP                                  0x0800018f   Thumb Code     6  sys.o(.emb_text)
    LED_Init                                 0x08000195   Thumb Code    46  led.o(.text)
    OLED_GPIO_Init                           0x080001c9   Thumb Code   106  spi.o(.text)
    OLED_WR_Byte                             0x08000241   Thumb Code   108  oled.o(.text)
    OLED_Set_Pos                             0x080002ad   Thumb Code    46  oled.o(.text)
    OLED_Display_On                          0x080002db   Thumb Code    28  oled.o(.text)
    OLED_Display_Off                         0x080002f7   Thumb Code    28  oled.o(.text)
    OLED_Clear                               0x08000313   Thumb Code    64  oled.o(.text)
    oled_pow                                 0x08000353   Thumb Code    22  oled.o(.text)
    OLED_ShowChar                            0x08000369   Thumb Code   106  oled.o(.text)
    OLED_ShowNum                             0x080003d3   Thumb Code   132  oled.o(.text)
    OLED_ShowString                          0x08000457   Thumb Code    54  oled.o(.text)
    OLED_Init                                0x0800048d   Thumb Code   324  oled.o(.text)
    OLED_Show_Variable                       0x080005d1   Thumb Code   160  oled.o(.text)
    Tim_EncoderL_Init                        0x08000671   Thumb Code   162  tim_encoder_speed.o(.text)
    Tim_EncoderR_Init                        0x08000713   Thumb Code   154  tim_encoder_speed.o(.text)
    Get_Encoder_Cnt                          0x080007ad   Thumb Code    74  tim_encoder_speed.o(.text)
    TIM2_IRQHandler                          0x080007f7   Thumb Code    44  tim_encoder_speed.o(.text)
    TIM3_IRQHandler                          0x08000823   Thumb Code    42  tim_encoder_speed.o(.text)
    calc_motor_Left_rotate_speed             0x0800084d   Thumb Code    76  tim_encoder_speed.o(.text)
    calc_motor_Right_rotate_speed            0x08000899   Thumb Code    64  tim_encoder_speed.o(.text)
    tim4_gpio_config                         0x08000901   Thumb Code    48  tim_pwm.o(.text)
    PWM_Start                                0x08000931   Thumb Code   198  tim_pwm.o(.text)
    tim1_init                                0x080009f7   Thumb Code    90  tim_pwm.o(.text)
    TIM1_UP_IRQHandler                       0x08000a51   Thumb Code    48  tim_pwm.o(.text)
    tcrt500l_init                            0x08000a99   Thumb Code    62  tcrt500l.o(.text)
    MPU_Write_Byte                           0x08000ae1   Thumb Code    76  mpu9250.o(.text)
    MPU_Read_Len                             0x08000b2d   Thumb Code   116  mpu9250.o(.text)
    MPU_Get_Magnetometer                     0x08000ba1   Thumb Code    92  mpu9250.o(.text)
    MPU_Get_Gyroscope                        0x08000bfd   Thumb Code    82  mpu9250.o(.text)
    MPU_Get_Accelerometer                    0x08000c4f   Thumb Code    82  mpu9250.o(.text)
    Read_DMP                                 0x08000ca1   Thumb Code    34  mpu9250.o(.text)
    MPU_Read_Byte                            0x08000cc3   Thumb Code    72  mpu9250.o(.text)
    MPU_Set_LPF                              0x08000d0b   Thumb Code    60  mpu9250.o(.text)
    MPU_Set_Rate                             0x08000d47   Thumb Code    60  mpu9250.o(.text)
    MPU_Set_Accel_Fsr                        0x08000d83   Thumb Code    18  mpu9250.o(.text)
    MPU_Set_Gyro_Fsr                         0x08000d95   Thumb Code    18  mpu9250.o(.text)
    MPU9250_Init                             0x08000da7   Thumb Code   174  mpu9250.o(.text)
    MPU_Get_Temperature                      0x08000e55   Thumb Code    86  mpu9250.o(.text)
    MPU_Write_Len                            0x08000eab   Thumb Code    96  mpu9250.o(.text)
    IIC_Init                                 0x08000f41   Thumb Code    78  mpuiic.o(.text)
    IIC_Start                                0x08000f8f   Thumb Code    68  mpuiic.o(.text)
    IIC_Stop                                 0x08000fd3   Thumb Code    70  mpuiic.o(.text)
    IIC_Wait_Ack                             0x08001019   Thumb Code    90  mpuiic.o(.text)
    IIC_Ack                                  0x08001073   Thumb Code    74  mpuiic.o(.text)
    IIC_NAck                                 0x080010bd   Thumb Code    74  mpuiic.o(.text)
    IIC_Send_Byte                            0x08001107   Thumb Code    96  mpuiic.o(.text)
    IIC_Read_Byte                            0x08001167   Thumb Code   104  mpuiic.o(.text)
    moter_control                            0x080011dd   Thumb Code   698  control.o(.text)
    read_status                              0x08001497   Thumb Code   378  control.o(.text)
    PID_dir                                  0x08001611   Thumb Code   126  control.o(.text)
    PID_Init                                 0x0800168f   Thumb Code    50  control.o(.text)
    offset_modify                            0x080016c1   Thumb Code   134  control.o(.text)
    PID_speed                                0x08001747   Thumb Code   110  control.o(.text)
    AutoReloadCallbackR                      0x080017b5   Thumb Code   148  control.o(.text)
    AutoReloadCallbackL                      0x08001849   Thumb Code   164  control.o(.text)
    motor_init                               0x080018ed   Thumb Code    84  control.o(.text)
    motor_stop                               0x08001941   Thumb Code    36  control.o(.text)
    main                                     0x080019c5   Thumb Code   360  main.o(.text)
    NMI_Handler                              0x08001bb1   Thumb Code     2  stm32f10x_it.o(.text)
    HardFault_Handler                        0x08001bb3   Thumb Code     4  stm32f10x_it.o(.text)
    MemManage_Handler                        0x08001bb7   Thumb Code     4  stm32f10x_it.o(.text)
    BusFault_Handler                         0x08001bbb   Thumb Code     4  stm32f10x_it.o(.text)
    UsageFault_Handler                       0x08001bbf   Thumb Code     4  stm32f10x_it.o(.text)
    SVC_Handler                              0x08001bc3   Thumb Code     2  stm32f10x_it.o(.text)
    DebugMon_Handler                         0x08001bc5   Thumb Code     2  stm32f10x_it.o(.text)
    PendSV_Handler                           0x08001bc7   Thumb Code     2  stm32f10x_it.o(.text)
    SystemInit                               0x08001ca7   Thumb Code    78  system_stm32f10x.o(.text)
    SystemCoreClockUpdate                    0x08001cf5   Thumb Code   142  system_stm32f10x.o(.text)
    Reset_Handler                            0x08001da9   Thumb Code     8  startup_stm32f10x_md.o(.text)
    SysTick_Handler                          0x08001dc1   Thumb Code     2  startup_stm32f10x_md.o(.text)
    ADC1_2_IRQHandler                        0x08001dc3   Thumb Code     0  startup_stm32f10x_md.o(.text)
    CAN1_RX1_IRQHandler                      0x08001dc3   Thumb Code     0  startup_stm32f10x_md.o(.text)
    CAN1_SCE_IRQHandler                      0x08001dc3   Thumb Code     0  startup_stm32f10x_md.o(.text)
    DMA1_Channel1_IRQHandler                 0x08001dc3   Thumb Code     0  startup_stm32f10x_md.o(.text)
    DMA1_Channel2_IRQHandler                 0x08001dc3   Thumb Code     0  startup_stm32f10x_md.o(.text)
    DMA1_Channel3_IRQHandler                 0x08001dc3   Thumb Code     0  startup_stm32f10x_md.o(.text)
    DMA1_Channel4_IRQHandler                 0x08001dc3   Thumb Code     0  startup_stm32f10x_md.o(.text)
    DMA1_Channel5_IRQHandler                 0x08001dc3   Thumb Code     0  startup_stm32f10x_md.o(.text)
    DMA1_Channel6_IRQHandler                 0x08001dc3   Thumb Code     0  startup_stm32f10x_md.o(.text)
    DMA1_Channel7_IRQHandler                 0x08001dc3   Thumb Code     0  startup_stm32f10x_md.o(.text)
    EXTI0_IRQHandler                         0x08001dc3   Thumb Code     0  startup_stm32f10x_md.o(.text)
    EXTI15_10_IRQHandler                     0x08001dc3   Thumb Code     0  startup_stm32f10x_md.o(.text)
    EXTI1_IRQHandler                         0x08001dc3   Thumb Code     0  startup_stm32f10x_md.o(.text)
    EXTI2_IRQHandler                         0x08001dc3   Thumb Code     0  startup_stm32f10x_md.o(.text)
    EXTI3_IRQHandler                         0x08001dc3   Thumb Code     0  startup_stm32f10x_md.o(.text)
    EXTI4_IRQHandler                         0x08001dc3   Thumb Code     0  startup_stm32f10x_md.o(.text)
    EXTI9_5_IRQHandler                       0x08001dc3   Thumb Code     0  startup_stm32f10x_md.o(.text)
    FLASH_IRQHandler                         0x08001dc3   Thumb Code     0  startup_stm32f10x_md.o(.text)
    I2C1_ER_IRQHandler                       0x08001dc3   Thumb Code     0  startup_stm32f10x_md.o(.text)
    I2C1_EV_IRQHandler                       0x08001dc3   Thumb Code     0  startup_stm32f10x_md.o(.text)
    I2C2_ER_IRQHandler                       0x08001dc3   Thumb Code     0  startup_stm32f10x_md.o(.text)
    I2C2_EV_IRQHandler                       0x08001dc3   Thumb Code     0  startup_stm32f10x_md.o(.text)
    PVD_IRQHandler                           0x08001dc3   Thumb Code     0  startup_stm32f10x_md.o(.text)
    RCC_IRQHandler                           0x08001dc3   Thumb Code     0  startup_stm32f10x_md.o(.text)
    RTCAlarm_IRQHandler                      0x08001dc3   Thumb Code     0  startup_stm32f10x_md.o(.text)
    RTC_IRQHandler                           0x08001dc3   Thumb Code     0  startup_stm32f10x_md.o(.text)
    SPI1_IRQHandler                          0x08001dc3   Thumb Code     0  startup_stm32f10x_md.o(.text)
    SPI2_IRQHandler                          0x08001dc3   Thumb Code     0  startup_stm32f10x_md.o(.text)
    TAMPER_IRQHandler                        0x08001dc3   Thumb Code     0  startup_stm32f10x_md.o(.text)
    TIM1_BRK_IRQHandler                      0x08001dc3   Thumb Code     0  startup_stm32f10x_md.o(.text)
    TIM1_CC_IRQHandler                       0x08001dc3   Thumb Code     0  startup_stm32f10x_md.o(.text)
    TIM1_TRG_COM_IRQHandler                  0x08001dc3   Thumb Code     0  startup_stm32f10x_md.o(.text)
    TIM4_IRQHandler                          0x08001dc3   Thumb Code     0  startup_stm32f10x_md.o(.text)
    USART2_IRQHandler                        0x08001dc3   Thumb Code     0  startup_stm32f10x_md.o(.text)
    USART3_IRQHandler                        0x08001dc3   Thumb Code     0  startup_stm32f10x_md.o(.text)
    USBWakeUp_IRQHandler                     0x08001dc3   Thumb Code     0  startup_stm32f10x_md.o(.text)
    USB_HP_CAN1_TX_IRQHandler                0x08001dc3   Thumb Code     0  startup_stm32f10x_md.o(.text)
    USB_LP_CAN1_RX0_IRQHandler               0x08001dc3   Thumb Code     0  startup_stm32f10x_md.o(.text)
    WWDG_IRQHandler                          0x08001dc3   Thumb Code     0  startup_stm32f10x_md.o(.text)
    __user_initial_stackheap                 0x08001dc5   Thumb Code     0  startup_stm32f10x_md.o(.text)
    NVIC_PriorityGroupConfig                 0x08001de9   Thumb Code    10  misc.o(.text)
    NVIC_Init                                0x08001df3   Thumb Code   100  misc.o(.text)
    NVIC_SetVectorTable                      0x08001e57   Thumb Code    14  misc.o(.text)
    NVIC_SystemLPConfig                      0x08001e65   Thumb Code    34  misc.o(.text)
    SysTick_CLKSourceConfig                  0x08001e87   Thumb Code    40  misc.o(.text)
    FLASH_SetLatency                         0x08001ec5   Thumb Code    18  stm32f10x_flash.o(.text)
    FLASH_HalfCycleAccessCmd                 0x08001ed7   Thumb Code    22  stm32f10x_flash.o(.text)
    FLASH_PrefetchBufferCmd                  0x08001eed   Thumb Code    22  stm32f10x_flash.o(.text)
    FLASH_Unlock                             0x08001f03   Thumb Code    12  stm32f10x_flash.o(.text)
    FLASH_UnlockBank1                        0x08001f0f   Thumb Code    12  stm32f10x_flash.o(.text)
    FLASH_Lock                               0x08001f1b   Thumb Code    14  stm32f10x_flash.o(.text)
    FLASH_LockBank1                          0x08001f29   Thumb Code    14  stm32f10x_flash.o(.text)
    FLASH_GetBank1Status                     0x08001f37   Thumb Code    48  stm32f10x_flash.o(.text)
    FLASH_WaitForLastOperation               0x08001f67   Thumb Code    38  stm32f10x_flash.o(.text)
    FLASH_ErasePage                          0x08001f8d   Thumb Code    72  stm32f10x_flash.o(.text)
    FLASH_EraseAllPages                      0x08001fd5   Thumb Code    68  stm32f10x_flash.o(.text)
    FLASH_WaitForLastBank1Operation          0x08002019   Thumb Code    38  stm32f10x_flash.o(.text)
    FLASH_EraseAllBank1Pages                 0x0800203f   Thumb Code    68  stm32f10x_flash.o(.text)
    FLASH_GetReadOutProtectionStatus         0x08002083   Thumb Code    20  stm32f10x_flash.o(.text)
    FLASH_EraseOptionBytes                   0x08002097   Thumb Code   150  stm32f10x_flash.o(.text)
    FLASH_ProgramWord                        0x0800212d   Thumb Code   102  stm32f10x_flash.o(.text)
    FLASH_ProgramHalfWord                    0x08002193   Thumb Code    60  stm32f10x_flash.o(.text)
    FLASH_ProgramOptionByteData              0x080021cf   Thumb Code    72  stm32f10x_flash.o(.text)
    FLASH_EnableWriteProtection              0x08002217   Thumb Code   200  stm32f10x_flash.o(.text)
    FLASH_ReadOutProtection                  0x080022df   Thumb Code   156  stm32f10x_flash.o(.text)
    FLASH_UserOptionByteConfig               0x0800237b   Thumb Code    88  stm32f10x_flash.o(.text)
    FLASH_GetUserOptionByte                  0x080023d3   Thumb Code     8  stm32f10x_flash.o(.text)
    FLASH_GetWriteProtectionOptionByte       0x080023db   Thumb Code     6  stm32f10x_flash.o(.text)
    FLASH_GetPrefetchBufferStatus            0x080023e1   Thumb Code    20  stm32f10x_flash.o(.text)
    FLASH_ITConfig                           0x080023f5   Thumb Code    26  stm32f10x_flash.o(.text)
    FLASH_GetFlagStatus                      0x0800240f   Thumb Code    42  stm32f10x_flash.o(.text)
    FLASH_ClearFlag                          0x08002439   Thumb Code     6  stm32f10x_flash.o(.text)
    FLASH_GetStatus                          0x0800243f   Thumb Code    48  stm32f10x_flash.o(.text)
    GPIO_DeInit                              0x08002481   Thumb Code   172  stm32f10x_gpio.o(.text)
    GPIO_AFIODeInit                          0x0800252d   Thumb Code    20  stm32f10x_gpio.o(.text)
    GPIO_Init                                0x08002541   Thumb Code   278  stm32f10x_gpio.o(.text)
    GPIO_StructInit                          0x08002657   Thumb Code    16  stm32f10x_gpio.o(.text)
    GPIO_ReadInputDataBit                    0x08002667   Thumb Code    18  stm32f10x_gpio.o(.text)
    GPIO_ReadInputData                       0x08002679   Thumb Code     8  stm32f10x_gpio.o(.text)
    GPIO_ReadOutputDataBit                   0x08002681   Thumb Code    18  stm32f10x_gpio.o(.text)
    GPIO_ReadOutputData                      0x08002693   Thumb Code     8  stm32f10x_gpio.o(.text)
    GPIO_SetBits                             0x0800269b   Thumb Code     4  stm32f10x_gpio.o(.text)
    GPIO_ResetBits                           0x0800269f   Thumb Code     4  stm32f10x_gpio.o(.text)
    GPIO_WriteBit                            0x080026a3   Thumb Code    10  stm32f10x_gpio.o(.text)
    GPIO_Write                               0x080026ad   Thumb Code     4  stm32f10x_gpio.o(.text)
    GPIO_PinLockConfig                       0x080026b1   Thumb Code    18  stm32f10x_gpio.o(.text)
    GPIO_EventOutputConfig                   0x080026c3   Thumb Code    26  stm32f10x_gpio.o(.text)
    GPIO_EventOutputCmd                      0x080026dd   Thumb Code     6  stm32f10x_gpio.o(.text)
    GPIO_PinRemapConfig                      0x080026e3   Thumb Code   138  stm32f10x_gpio.o(.text)
    GPIO_EXTILineConfig                      0x0800276d   Thumb Code    66  stm32f10x_gpio.o(.text)
    GPIO_ETH_MediaInterfaceConfig            0x080027af   Thumb Code     8  stm32f10x_gpio.o(.text)
    RCC_DeInit                               0x080027dd   Thumb Code    64  stm32f10x_rcc.o(.text)
    RCC_HSEConfig                            0x0800281d   Thumb Code    70  stm32f10x_rcc.o(.text)
    RCC_GetFlagStatus                        0x08002863   Thumb Code    56  stm32f10x_rcc.o(.text)
    RCC_WaitForHSEStartUp                    0x0800289b   Thumb Code    56  stm32f10x_rcc.o(.text)
    RCC_AdjustHSICalibrationValue            0x080028d3   Thumb Code    20  stm32f10x_rcc.o(.text)
    RCC_HSICmd                               0x080028e7   Thumb Code     6  stm32f10x_rcc.o(.text)
    RCC_PLLConfig                            0x080028ed   Thumb Code    24  stm32f10x_rcc.o(.text)
    RCC_PLLCmd                               0x08002905   Thumb Code     6  stm32f10x_rcc.o(.text)
    RCC_SYSCLKConfig                         0x0800290b   Thumb Code    18  stm32f10x_rcc.o(.text)
    RCC_GetSYSCLKSource                      0x0800291d   Thumb Code    10  stm32f10x_rcc.o(.text)
    RCC_HCLKConfig                           0x08002927   Thumb Code    18  stm32f10x_rcc.o(.text)
    RCC_PCLK1Config                          0x08002939   Thumb Code    18  stm32f10x_rcc.o(.text)
    RCC_PCLK2Config                          0x0800294b   Thumb Code    20  stm32f10x_rcc.o(.text)
    RCC_ITConfig                             0x0800295f   Thumb Code    26  stm32f10x_rcc.o(.text)
    RCC_USBCLKConfig                         0x08002979   Thumb Code     8  stm32f10x_rcc.o(.text)
    RCC_ADCCLKConfig                         0x08002981   Thumb Code    18  stm32f10x_rcc.o(.text)
    RCC_LSEConfig                            0x08002993   Thumb Code    50  stm32f10x_rcc.o(.text)
    RCC_LSICmd                               0x080029c5   Thumb Code     6  stm32f10x_rcc.o(.text)
    RCC_RTCCLKConfig                         0x080029cb   Thumb Code    12  stm32f10x_rcc.o(.text)
    RCC_RTCCLKCmd                            0x080029d7   Thumb Code     8  stm32f10x_rcc.o(.text)
    RCC_GetClocksFreq                        0x080029df   Thumb Code   192  stm32f10x_rcc.o(.text)
    RCC_AHBPeriphClockCmd                    0x08002a9f   Thumb Code    26  stm32f10x_rcc.o(.text)
    RCC_APB2PeriphClockCmd                   0x08002ab9   Thumb Code    26  stm32f10x_rcc.o(.text)
    RCC_APB1PeriphClockCmd                   0x08002ad3   Thumb Code    26  stm32f10x_rcc.o(.text)
    RCC_APB2PeriphResetCmd                   0x08002aed   Thumb Code    26  stm32f10x_rcc.o(.text)
    RCC_APB1PeriphResetCmd                   0x08002b07   Thumb Code    26  stm32f10x_rcc.o(.text)
    RCC_BackupResetCmd                       0x08002b21   Thumb Code     8  stm32f10x_rcc.o(.text)
    RCC_ClockSecuritySystemCmd               0x08002b29   Thumb Code     6  stm32f10x_rcc.o(.text)
    RCC_MCOConfig                            0x08002b2f   Thumb Code     6  stm32f10x_rcc.o(.text)
    RCC_ClearFlag                            0x08002b35   Thumb Code    14  stm32f10x_rcc.o(.text)
    RCC_GetITStatus                          0x08002b43   Thumb Code    20  stm32f10x_rcc.o(.text)
    RCC_ClearITPendingBit                    0x08002b57   Thumb Code     6  stm32f10x_rcc.o(.text)
    TIM_DeInit                               0x08002b81   Thumb Code   424  stm32f10x_tim.o(.text)
    TIM_TimeBaseInit                         0x08002d29   Thumb Code   122  stm32f10x_tim.o(.text)
    TIM_OC1Init                              0x08002da3   Thumb Code   132  stm32f10x_tim.o(.text)
    TIM_OC2Init                              0x08002e27   Thumb Code   154  stm32f10x_tim.o(.text)
    TIM_OC3Init                              0x08002ec1   Thumb Code   150  stm32f10x_tim.o(.text)
    TIM_OC4Init                              0x08002f57   Thumb Code   182  stm32f10x_tim.o(.text)
    TIM_SetIC4Prescaler                      0x0800300d   Thumb Code    26  stm32f10x_tim.o(.text)
    TIM_SetIC3Prescaler                      0x080030a9   Thumb Code    18  stm32f10x_tim.o(.text)
    TIM_SetIC2Prescaler                      0x08003135   Thumb Code    26  stm32f10x_tim.o(.text)
    TIM_SetIC1Prescaler                      0x080031d1   Thumb Code    18  stm32f10x_tim.o(.text)
    TIM_ICInit                               0x0800324f   Thumb Code   150  stm32f10x_tim.o(.text)
    TIM_PWMIConfig                           0x080032e5   Thumb Code   124  stm32f10x_tim.o(.text)
    TIM_BDTRConfig                           0x08003361   Thumb Code    32  stm32f10x_tim.o(.text)
    TIM_TimeBaseStructInit                   0x08003381   Thumb Code    18  stm32f10x_tim.o(.text)
    TIM_OCStructInit                         0x08003393   Thumb Code    20  stm32f10x_tim.o(.text)
    TIM_ICStructInit                         0x080033a7   Thumb Code    18  stm32f10x_tim.o(.text)
    TIM_BDTRStructInit                       0x080033b9   Thumb Code    40  stm32f10x_tim.o(.text)
    TIM_Cmd                                  0x080033e1   Thumb Code    24  stm32f10x_tim.o(.text)
    TIM_CtrlPWMOutputs                       0x080033f9   Thumb Code    30  stm32f10x_tim.o(.text)
    TIM_ITConfig                             0x08003417   Thumb Code    18  stm32f10x_tim.o(.text)
    TIM_GenerateEvent                        0x08003429   Thumb Code     4  stm32f10x_tim.o(.text)
    TIM_DMAConfig                            0x0800342d   Thumb Code    10  stm32f10x_tim.o(.text)
    TIM_DMACmd                               0x08003437   Thumb Code    18  stm32f10x_tim.o(.text)
    TIM_InternalClockConfig                  0x08003449   Thumb Code    12  stm32f10x_tim.o(.text)
    TIM_SelectInputTrigger                   0x08003455   Thumb Code    18  stm32f10x_tim.o(.text)
    TIM_ITRxExternalClockConfig              0x08003467   Thumb Code    24  stm32f10x_tim.o(.text)
    TIM_TIxExternalClockConfig               0x0800347f   Thumb Code    62  stm32f10x_tim.o(.text)
    TIM_ETRConfig                            0x080034bd   Thumb Code    28  stm32f10x_tim.o(.text)
    TIM_ETRClockMode1Config                  0x080034d9   Thumb Code    54  stm32f10x_tim.o(.text)
    TIM_ETRClockMode2Config                  0x0800350f   Thumb Code    32  stm32f10x_tim.o(.text)
    TIM_PrescalerConfig                      0x0800352f   Thumb Code     6  stm32f10x_tim.o(.text)
    TIM_CounterModeConfig                    0x08003535   Thumb Code    18  stm32f10x_tim.o(.text)
    TIM_EncoderInterfaceConfig               0x08003547   Thumb Code    66  stm32f10x_tim.o(.text)
    TIM_ForcedOC1Config                      0x08003589   Thumb Code    18  stm32f10x_tim.o(.text)
    TIM_ForcedOC2Config                      0x0800359b   Thumb Code    26  stm32f10x_tim.o(.text)
    TIM_ForcedOC3Config                      0x080035b5   Thumb Code    18  stm32f10x_tim.o(.text)
    TIM_ForcedOC4Config                      0x080035c7   Thumb Code    26  stm32f10x_tim.o(.text)
    TIM_ARRPreloadConfig                     0x080035e1   Thumb Code    24  stm32f10x_tim.o(.text)
    TIM_SelectCOM                            0x080035f9   Thumb Code    24  stm32f10x_tim.o(.text)
    TIM_SelectCCDMA                          0x08003611   Thumb Code    24  stm32f10x_tim.o(.text)
    TIM_CCPreloadControl                     0x08003629   Thumb Code    24  stm32f10x_tim.o(.text)
    TIM_OC1PreloadConfig                     0x08003641   Thumb Code    18  stm32f10x_tim.o(.text)
    TIM_OC2PreloadConfig                     0x08003653   Thumb Code    26  stm32f10x_tim.o(.text)
    TIM_OC3PreloadConfig                     0x0800366d   Thumb Code    18  stm32f10x_tim.o(.text)
    TIM_OC4PreloadConfig                     0x0800367f   Thumb Code    26  stm32f10x_tim.o(.text)
    TIM_OC1FastConfig                        0x08003699   Thumb Code    18  stm32f10x_tim.o(.text)
    TIM_OC2FastConfig                        0x080036ab   Thumb Code    26  stm32f10x_tim.o(.text)
    TIM_OC3FastConfig                        0x080036c5   Thumb Code    18  stm32f10x_tim.o(.text)
    TIM_OC4FastConfig                        0x080036d7   Thumb Code    26  stm32f10x_tim.o(.text)
    TIM_ClearOC1Ref                          0x080036f1   Thumb Code    18  stm32f10x_tim.o(.text)
    TIM_ClearOC2Ref                          0x08003703   Thumb Code    24  stm32f10x_tim.o(.text)
    TIM_ClearOC3Ref                          0x0800371b   Thumb Code    18  stm32f10x_tim.o(.text)
    TIM_ClearOC4Ref                          0x0800372d   Thumb Code    24  stm32f10x_tim.o(.text)
    TIM_OC1PolarityConfig                    0x08003745   Thumb Code    18  stm32f10x_tim.o(.text)
    TIM_OC1NPolarityConfig                   0x08003757   Thumb Code    18  stm32f10x_tim.o(.text)
    TIM_OC2PolarityConfig                    0x08003769   Thumb Code    26  stm32f10x_tim.o(.text)
    TIM_OC2NPolarityConfig                   0x08003783   Thumb Code    26  stm32f10x_tim.o(.text)
    TIM_OC3PolarityConfig                    0x0800379d   Thumb Code    26  stm32f10x_tim.o(.text)
    TIM_OC3NPolarityConfig                   0x080037b7   Thumb Code    26  stm32f10x_tim.o(.text)
    TIM_OC4PolarityConfig                    0x080037d1   Thumb Code    26  stm32f10x_tim.o(.text)
    TIM_CCxCmd                               0x080037eb   Thumb Code    30  stm32f10x_tim.o(.text)
    TIM_CCxNCmd                              0x08003809   Thumb Code    30  stm32f10x_tim.o(.text)
    TIM_SelectOCxM                           0x08003827   Thumb Code    82  stm32f10x_tim.o(.text)
    TIM_UpdateDisableConfig                  0x08003879   Thumb Code    24  stm32f10x_tim.o(.text)
    TIM_UpdateRequestConfig                  0x08003891   Thumb Code    24  stm32f10x_tim.o(.text)
    TIM_SelectHallSensor                     0x080038a9   Thumb Code    24  stm32f10x_tim.o(.text)
    TIM_SelectOnePulseMode                   0x080038c1   Thumb Code    18  stm32f10x_tim.o(.text)
    TIM_SelectOutputTrigger                  0x080038d3   Thumb Code    18  stm32f10x_tim.o(.text)
    TIM_SelectSlaveMode                      0x080038e5   Thumb Code    18  stm32f10x_tim.o(.text)
    TIM_SelectMasterSlaveMode                0x080038f7   Thumb Code    18  stm32f10x_tim.o(.text)
    TIM_SetCounter                           0x08003909   Thumb Code     4  stm32f10x_tim.o(.text)
    TIM_SetAutoreload                        0x0800390d   Thumb Code     4  stm32f10x_tim.o(.text)
    TIM_SetCompare1                          0x08003911   Thumb Code     4  stm32f10x_tim.o(.text)
    TIM_SetCompare2                          0x08003915   Thumb Code     4  stm32f10x_tim.o(.text)
    TIM_SetCompare3                          0x08003919   Thumb Code     4  stm32f10x_tim.o(.text)
    TIM_SetCompare4                          0x0800391d   Thumb Code     6  stm32f10x_tim.o(.text)
    TIM_SetClockDivision                     0x08003923   Thumb Code    18  stm32f10x_tim.o(.text)
    TIM_GetCapture1                          0x08003935   Thumb Code     6  stm32f10x_tim.o(.text)
    TIM_GetCapture2                          0x0800393b   Thumb Code     6  stm32f10x_tim.o(.text)
    TIM_GetCapture3                          0x08003941   Thumb Code     6  stm32f10x_tim.o(.text)
    TIM_GetCapture4                          0x08003947   Thumb Code     8  stm32f10x_tim.o(.text)
    TIM_GetCounter                           0x0800394f   Thumb Code     6  stm32f10x_tim.o(.text)
    TIM_GetPrescaler                         0x08003955   Thumb Code     6  stm32f10x_tim.o(.text)
    TIM_GetFlagStatus                        0x0800395b   Thumb Code    18  stm32f10x_tim.o(.text)
    TIM_ClearFlag                            0x0800396d   Thumb Code     6  stm32f10x_tim.o(.text)
    TIM_GetITStatus                          0x08003973   Thumb Code    34  stm32f10x_tim.o(.text)
    TIM_ClearITPendingBit                    0x08003995   Thumb Code     6  stm32f10x_tim.o(.text)
    USART_DeInit                             0x0800399d   Thumb Code   134  stm32f10x_usart.o(.text)
    USART_Init                               0x08003a23   Thumb Code   210  stm32f10x_usart.o(.text)
    USART_StructInit                         0x08003af5   Thumb Code    24  stm32f10x_usart.o(.text)
    USART_ClockInit                          0x08003b0d   Thumb Code    34  stm32f10x_usart.o(.text)
    USART_ClockStructInit                    0x08003b2f   Thumb Code    12  stm32f10x_usart.o(.text)
    USART_Cmd                                0x08003b3b   Thumb Code    24  stm32f10x_usart.o(.text)
    USART_ITConfig                           0x08003b53   Thumb Code    74  stm32f10x_usart.o(.text)
    USART_DMACmd                             0x08003b9d   Thumb Code    18  stm32f10x_usart.o(.text)
    USART_SetAddress                         0x08003baf   Thumb Code    18  stm32f10x_usart.o(.text)
    USART_WakeUpConfig                       0x08003bc1   Thumb Code    18  stm32f10x_usart.o(.text)
    USART_ReceiverWakeUpCmd                  0x08003bd3   Thumb Code    24  stm32f10x_usart.o(.text)
    USART_LINBreakDetectLengthConfig         0x08003beb   Thumb Code    18  stm32f10x_usart.o(.text)
    USART_LINCmd                             0x08003bfd   Thumb Code    24  stm32f10x_usart.o(.text)
    USART_SendData                           0x08003c15   Thumb Code     8  stm32f10x_usart.o(.text)
    USART_ReceiveData                        0x08003c1d   Thumb Code    10  stm32f10x_usart.o(.text)
    USART_SendBreak                          0x08003c27   Thumb Code    10  stm32f10x_usart.o(.text)
    USART_SetGuardTime                       0x08003c31   Thumb Code    16  stm32f10x_usart.o(.text)
    USART_SetPrescaler                       0x08003c41   Thumb Code    16  stm32f10x_usart.o(.text)
    USART_SmartCardCmd                       0x08003c51   Thumb Code    24  stm32f10x_usart.o(.text)
    USART_SmartCardNACKCmd                   0x08003c69   Thumb Code    24  stm32f10x_usart.o(.text)
    USART_HalfDuplexCmd                      0x08003c81   Thumb Code    24  stm32f10x_usart.o(.text)
    USART_OverSampling8Cmd                   0x08003c99   Thumb Code    22  stm32f10x_usart.o(.text)
    USART_OneBitMethodCmd                    0x08003caf   Thumb Code    24  stm32f10x_usart.o(.text)
    USART_IrDAConfig                         0x08003cc7   Thumb Code    18  stm32f10x_usart.o(.text)
    USART_IrDACmd                            0x08003cd9   Thumb Code    24  stm32f10x_usart.o(.text)
    USART_GetFlagStatus                      0x08003cf1   Thumb Code    26  stm32f10x_usart.o(.text)
    USART_ClearFlag                          0x08003d0b   Thumb Code    18  stm32f10x_usart.o(.text)
    USART_GetITStatus                        0x08003d1d   Thumb Code    84  stm32f10x_usart.o(.text)
    USART_ClearITPendingBit                  0x08003d71   Thumb Code    52  stm32f10x_usart.o(.text)
    delay_init                               0x08003da5   Thumb Code    50  delay.o(.text)
    delay_us                                 0x08003dd7   Thumb Code    72  delay.o(.text)
    delay_ms                                 0x08003e1f   Thumb Code    72  delay.o(.text)
    NVIC_Configuration                       0x08003e79   Thumb Code    12  sys.o(.text)
    RCC_Configuration                        0x08003e85   Thumb Code   100  sys.o(.text)
    MY_NVIC_SetVectorTable                   0x08003ee9   Thumb Code    12  sys.o(.text)
    MY_NVIC_PriorityGroupConfig              0x08003ef5   Thumb Code    36  sys.o(.text)
    MY_NVIC_Init                             0x08003f19   Thumb Code   116  sys.o(.text)
    Ex_NVIC_Config                           0x08003f8d   Thumb Code   146  sys.o(.text)
    MYRCC_DeInit                             0x0800401f   Thumb Code    90  sys.o(.text)
    Sys_Standby                              0x08004079   Thumb Code    68  sys.o(.text)
    Sys_Soft_Reset                           0x080040bd   Thumb Code    12  sys.o(.text)
    JTAG_Set                                 0x080040c9   Thumb Code    42  sys.o(.text)
    Stm32_Clock_Init                         0x080040f3   Thumb Code   134  sys.o(.text)
    uart1_init                               0x080041a5   Thumb Code   164  usart.o(.text)
    usart1_sendbyte                          0x08004249   Thumb Code    40  usart.o(.text)
    USART1_IRQHandler                        0x08004271   Thumb Code    68  usart.o(.text)
    packet_bluedata                          0x080042bd   Thumb Code    86  protocol.o(.text)
    decode_bluedata                          0x08004313   Thumb Code   184  protocol.o(.text)
    __aeabi_memcpy4                          0x080043f5   Thumb Code     0  rt_memcpy_w.o(.text)
    __aeabi_memcpy8                          0x080043f5   Thumb Code     0  rt_memcpy_w.o(.text)
    __rt_memcpy_w                            0x080043f5   Thumb Code   100  rt_memcpy_w.o(.text)
    _memcpy_lastbytes_aligned                0x0800443d   Thumb Code     0  rt_memcpy_w.o(.text)
    __use_two_region_memory                  0x08004459   Thumb Code     2  heapauxi.o(.text)
    __rt_heap_escrow$2region                 0x0800445b   Thumb Code     2  heapauxi.o(.text)
    __rt_heap_expand$2region                 0x0800445d   Thumb Code     2  heapauxi.o(.text)
    __user_setup_stackheap                   0x0800445f   Thumb Code    74  sys_stackheap_outer.o(.text)
    exit                                     0x080044a9   Thumb Code    18  exit.o(.text)
    __user_libspace                          0x080044bd   Thumb Code     8  libspace.o(.text)
    __user_perproc_libspace                  0x080044bd   Thumb Code     0  libspace.o(.text)
    __user_perthread_libspace                0x080044bd   Thumb Code     0  libspace.o(.text)
    _sys_exit                                0x080044c5   Thumb Code     8  sys_exit.o(.text)
    __I$use$semihosting                      0x080044d1   Thumb Code     0  use_no_semi.o(.text)
    __use_no_semihosting_swi                 0x080044d1   Thumb Code     2  use_no_semi.o(.text)
    __semihosting_library_function           0x080044d3   Thumb Code     0  indicate_semi.o(.text)
    __aeabi_d2f                              0x080044d5   Thumb Code     0  d2f.o(x$fpl$d2f)
    _d2f                                     0x080044d5   Thumb Code    98  d2f.o(x$fpl$d2f)
    __aeabi_dadd                             0x08004539   Thumb Code     0  daddsub_clz.o(x$fpl$dadd)
    _dadd                                    0x08004539   Thumb Code   332  daddsub_clz.o(x$fpl$dadd)
    __aeabi_ddiv                             0x08004689   Thumb Code     0  ddiv.o(x$fpl$ddiv)
    _ddiv                                    0x08004689   Thumb Code   552  ddiv.o(x$fpl$ddiv)
    __aeabi_d2iz                             0x08004939   Thumb Code     0  dfix.o(x$fpl$dfix)
    _dfix                                    0x08004939   Thumb Code    94  dfix.o(x$fpl$dfix)
    __aeabi_i2d                              0x08004997   Thumb Code     0  dflt_clz.o(x$fpl$dflt)
    _dflt                                    0x08004997   Thumb Code    46  dflt_clz.o(x$fpl$dflt)
    __aeabi_ui2d                             0x080049c5   Thumb Code     0  dflt_clz.o(x$fpl$dfltu)
    _dfltu                                   0x080049c5   Thumb Code    38  dflt_clz.o(x$fpl$dfltu)
    __aeabi_dmul                             0x080049ed   Thumb Code     0  dmul.o(x$fpl$dmul)
    _dmul                                    0x080049ed   Thumb Code   332  dmul.o(x$fpl$dmul)
    __fpl_dnaninf                            0x08004b41   Thumb Code   156  dnaninf.o(x$fpl$dnaninf)
    __fpl_dretinf                            0x08004bdd   Thumb Code    12  dretinf.o(x$fpl$dretinf)
    __aeabi_dsub                             0x08004be9   Thumb Code     0  daddsub_clz.o(x$fpl$dsub)
    _dsub                                    0x08004be9   Thumb Code   464  daddsub_clz.o(x$fpl$dsub)
    __aeabi_fadd                             0x08004dbd   Thumb Code     0  faddsub_clz.o(x$fpl$fadd)
    _fadd                                    0x08004dbd   Thumb Code   196  faddsub_clz.o(x$fpl$fadd)
    __aeabi_fdiv                             0x08004e81   Thumb Code     0  fdiv.o(x$fpl$fdiv)
    _fdiv                                    0x08004e81   Thumb Code   384  fdiv.o(x$fpl$fdiv)
    __aeabi_f2iz                             0x08005005   Thumb Code     0  ffix.o(x$fpl$ffix)
    _ffix                                    0x08005005   Thumb Code    54  ffix.o(x$fpl$ffix)
    __aeabi_i2f                              0x0800503d   Thumb Code     0  fflt_clz.o(x$fpl$fflt)
    _fflt                                    0x0800503d   Thumb Code    48  fflt_clz.o(x$fpl$fflt)
    __aeabi_ui2f                             0x0800506d   Thumb Code     0  fflt_clz.o(x$fpl$ffltu)
    _ffltu                                   0x0800506d   Thumb Code    38  fflt_clz.o(x$fpl$ffltu)
    __aeabi_fmul                             0x08005095   Thumb Code     0  fmul.o(x$fpl$fmul)
    _fmul                                    0x08005095   Thumb Code   258  fmul.o(x$fpl$fmul)
    __fpl_fnaninf                            0x08005197   Thumb Code   140  fnaninf.o(x$fpl$fnaninf)
    __fpl_fretinf                            0x08005223   Thumb Code    10  fretinf.o(x$fpl$fretinf)
    __aeabi_fsub                             0x0800522d   Thumb Code     0  faddsub_clz.o(x$fpl$fsub)
    _fsub                                    0x0800522d   Thumb Code   234  faddsub_clz.o(x$fpl$fsub)
    F6x8                                     0x08005316   Data         552  oled.o(.constdata)
    __I$use$fp                               0x08005316   Number         0  usenofp.o(x$fpl$usenofp)
    F8X16                                    0x0800553e   Data        1520  oled.o(.constdata)
    Hzk                                      0x08005b2e   Data         384  oled.o(.constdata)
    Region$$Table$$Base                      0x08005cb0   Number         0  anon$$obj.o(Region$$Table)
    Region$$Table$$Limit                     0x08005cd0   Number         0  anon$$obj.o(Region$$Table)
    Encoder_Timer_Overflow_L                 0x20000000   Data           4  tim_encoder_speed.o(.data)
    Encoder_Timer_Overflow_R                 0x20000004   Data           4  tim_encoder_speed.o(.data)
    encoderNum_L                             0x20000008   Data           2  tim_encoder_speed.o(.data)
    encoderNum_R                             0x2000000a   Data           2  tim_encoder_speed.o(.data)
    rotateSpeed_L                            0x2000000c   Data           4  tim_encoder_speed.o(.data)
    rotateSpeed_R                            0x20000010   Data           4  tim_encoder_speed.o(.data)
    tim1_num                                 0x20000014   Data           1  tim_pwm.o(.data)
    tim1_num1                                0x20000015   Data           1  tim_pwm.o(.data)
    tim1_flag                                0x20000016   Data           1  tim_pwm.o(.data)
    aacx                                     0x20000018   Data           2  mpu9250.o(.data)
    aacy                                     0x2000001a   Data           2  mpu9250.o(.data)
    aacz                                     0x2000001c   Data           2  mpu9250.o(.data)
    gyrox                                    0x2000001e   Data           2  mpu9250.o(.data)
    gyroy                                    0x20000020   Data           2  mpu9250.o(.data)
    gyroz                                    0x20000022   Data           2  mpu9250.o(.data)
    mx                                       0x20000024   Data           2  mpu9250.o(.data)
    my                                       0x20000026   Data           2  mpu9250.o(.data)
    mz                                       0x20000028   Data           2  mpu9250.o(.data)
    status                                   0x2000002c   Data           1  control.o(.data)
    v_offset1                                0x2000002d   Data           1  control.o(.data)
    v_offset2                                0x2000002e   Data           1  control.o(.data)
    v_offset3                                0x2000002f   Data           1  control.o(.data)
    v_basic                                  0x20000030   Data           2  control.o(.data)
    error                                    0x20000034   Data           4  control.o(.data)
    res_pwm_R                                0x20000038   Data           2  control.o(.data)
    res_pwm_L                                0x2000003a   Data           2  control.o(.data)
    old_pwm_R                                0x2000003c   Data           2  control.o(.data)
    old_pwm_L                                0x2000003e   Data           2  control.o(.data)
    L2                                       0x2000004c   Data           1  main.o(.data)
    L1                                       0x2000004d   Data           1  main.o(.data)
    M0                                       0x2000004e   Data           1  main.o(.data)
    R1                                       0x2000004f   Data           1  main.o(.data)
    R2                                       0x20000050   Data           1  main.o(.data)
    SystemCoreClock                          0x20000054   Data           4  system_stm32f10x.o(.data)
    AHBPrescTable                            0x20000058   Data          16  system_stm32f10x.o(.data)
    offset1                                  0x20000080   Data           4  protocol.o(.data)
    offset2                                  0x20000084   Data           4  protocol.o(.data)
    offset3                                  0x20000088   Data           4  protocol.o(.data)
    start_flag                               0x2000008c   Data           4  protocol.o(.data)
    Speed                                    0x20000090   Data           4  protocol.o(.data)
    checksum                                 0x20000094   Data           1  protocol.o(.data)
    usart1_status                            0x20000095   Data           1  protocol.o(.data)
    num                                      0x20000096   Data           1  protocol.o(.data)
    pid_L                                    0x20000098   Data          32  control.o(.bss)
    pid_R                                    0x200000b8   Data          32  control.o(.bss)
    motor_buffer                             0x200000d8   Data          16  control.o(.bss)
    decode_data                              0x200000e8   Data           9  protocol.o(.bss)
    packet_data                              0x200000f1   Data          19  protocol.o(.bss)
    __libspace_start                         0x20000104   Data          96  libspace.o(.bss)
    __temporary_stack_top$libspace           0x20000164   Data           0  libspace.o(.bss)



==============================================================================

Memory Map of the image

  Image Entry point : 0x080000ed

  Load Region LR_IROM1 (Base: 0x08000000, Size: 0x00005d68, Max: 0x00008000, ABSOLUTE)

    Execution Region ER_IROM1 (Exec base: 0x08000000, Load base: 0x08000000, Size: 0x00005cd0, Max: 0x00008000, ABSOLUTE)

    Exec Addr    Load Addr    Size         Type   Attr      Idx    E Section Name        Object

    0x08000000   0x08000000   0x000000ec   Data   RO          396    RESET               startup_stm32f10x_md.o
    0x080000ec   0x080000ec   0x00000008   Code   RO          757  * !!!main             c_w.l(__main.o)
    0x080000f4   0x080000f4   0x00000034   Code   RO          969    !!!scatter          c_w.l(__scatter.o)
    0x08000128   0x08000128   0x0000001a   Code   RO          971    !!handler_copy      c_w.l(__scatter_copy.o)
    0x08000142   0x08000142   0x00000002   PAD
    0x08000144   0x08000144   0x0000001c   Code   RO          973    !!handler_zi        c_w.l(__scatter_zi.o)
    0x08000160   0x08000160   0x00000002   Code   RO          839    .ARM.Collect$$libinit$$00000000  c_w.l(libinit.o)
    0x08000162   0x08000162   0x00000000   Code   RO          846    .ARM.Collect$$libinit$$00000002  c_w.l(libinit2.o)
    0x08000162   0x08000162   0x00000000   Code   RO          848    .ARM.Collect$$libinit$$00000004  c_w.l(libinit2.o)
    0x08000162   0x08000162   0x00000000   Code   RO          851    .ARM.Collect$$libinit$$0000000A  c_w.l(libinit2.o)
    0x08000162   0x08000162   0x00000000   Code   RO          853    .ARM.Collect$$libinit$$0000000C  c_w.l(libinit2.o)
    0x08000162   0x08000162   0x00000000   Code   RO          855    .ARM.Collect$$libinit$$0000000E  c_w.l(libinit2.o)
    0x08000162   0x08000162   0x00000000   Code   RO          858    .ARM.Collect$$libinit$$00000011  c_w.l(libinit2.o)
    0x08000162   0x08000162   0x00000000   Code   RO          860    .ARM.Collect$$libinit$$00000013  c_w.l(libinit2.o)
    0x08000162   0x08000162   0x00000000   Code   RO          862    .ARM.Collect$$libinit$$00000015  c_w.l(libinit2.o)
    0x08000162   0x08000162   0x00000000   Code   RO          864    .ARM.Collect$$libinit$$00000017  c_w.l(libinit2.o)
    0x08000162   0x08000162   0x00000000   Code   RO          866    .ARM.Collect$$libinit$$00000019  c_w.l(libinit2.o)
    0x08000162   0x08000162   0x00000000   Code   RO          868    .ARM.Collect$$libinit$$0000001B  c_w.l(libinit2.o)
    0x08000162   0x08000162   0x00000000   Code   RO          870    .ARM.Collect$$libinit$$0000001D  c_w.l(libinit2.o)
    0x08000162   0x08000162   0x00000000   Code   RO          872    .ARM.Collect$$libinit$$0000001F  c_w.l(libinit2.o)
    0x08000162   0x08000162   0x00000000   Code   RO          874    .ARM.Collect$$libinit$$00000021  c_w.l(libinit2.o)
    0x08000162   0x08000162   0x00000000   Code   RO          876    .ARM.Collect$$libinit$$00000023  c_w.l(libinit2.o)
    0x08000162   0x08000162   0x00000000   Code   RO          878    .ARM.Collect$$libinit$$00000025  c_w.l(libinit2.o)
    0x08000162   0x08000162   0x00000000   Code   RO          882    .ARM.Collect$$libinit$$0000002C  c_w.l(libinit2.o)
    0x08000162   0x08000162   0x00000000   Code   RO          884    .ARM.Collect$$libinit$$0000002E  c_w.l(libinit2.o)
    0x08000162   0x08000162   0x00000000   Code   RO          886    .ARM.Collect$$libinit$$00000030  c_w.l(libinit2.o)
    0x08000162   0x08000162   0x00000000   Code   RO          888    .ARM.Collect$$libinit$$00000032  c_w.l(libinit2.o)
    0x08000162   0x08000162   0x00000002   Code   RO          889    .ARM.Collect$$libinit$$00000033  c_w.l(libinit2.o)
    0x08000164   0x08000164   0x00000002   Code   RO          909    .ARM.Collect$$libshutdown$$00000000  c_w.l(libshutdown.o)
    0x08000166   0x08000166   0x00000000   Code   RO          922    .ARM.Collect$$libshutdown$$00000002  c_w.l(libshutdown2.o)
    0x08000166   0x08000166   0x00000000   Code   RO          924    .ARM.Collect$$libshutdown$$00000004  c_w.l(libshutdown2.o)
    0x08000166   0x08000166   0x00000000   Code   RO          927    .ARM.Collect$$libshutdown$$00000007  c_w.l(libshutdown2.o)
    0x08000166   0x08000166   0x00000000   Code   RO          930    .ARM.Collect$$libshutdown$$0000000A  c_w.l(libshutdown2.o)
    0x08000166   0x08000166   0x00000000   Code   RO          932    .ARM.Collect$$libshutdown$$0000000C  c_w.l(libshutdown2.o)
    0x08000166   0x08000166   0x00000000   Code   RO          935    .ARM.Collect$$libshutdown$$0000000F  c_w.l(libshutdown2.o)
    0x08000166   0x08000166   0x00000002   Code   RO          936    .ARM.Collect$$libshutdown$$00000010  c_w.l(libshutdown2.o)
    0x08000168   0x08000168   0x00000000   Code   RO          805    .ARM.Collect$$rtentry$$00000000  c_w.l(__rtentry.o)
    0x08000168   0x08000168   0x00000000   Code   RO          816    .ARM.Collect$$rtentry$$00000002  c_w.l(__rtentry2.o)
    0x08000168   0x08000168   0x00000006   Code   RO          828    .ARM.Collect$$rtentry$$00000004  c_w.l(__rtentry4.o)
    0x0800016e   0x0800016e   0x00000000   Code   RO          818    .ARM.Collect$$rtentry$$00000009  c_w.l(__rtentry2.o)
    0x0800016e   0x0800016e   0x00000004   Code   RO          819    .ARM.Collect$$rtentry$$0000000A  c_w.l(__rtentry2.o)
    0x08000172   0x08000172   0x00000000   Code   RO          821    .ARM.Collect$$rtentry$$0000000C  c_w.l(__rtentry2.o)
    0x08000172   0x08000172   0x00000008   Code   RO          822    .ARM.Collect$$rtentry$$0000000D  c_w.l(__rtentry2.o)
    0x0800017a   0x0800017a   0x00000002   Code   RO          843    .ARM.Collect$$rtexit$$00000000  c_w.l(rtexit.o)
    0x0800017c   0x0800017c   0x00000000   Code   RO          891    .ARM.Collect$$rtexit$$00000002  c_w.l(rtexit2.o)
    0x0800017c   0x0800017c   0x00000004   Code   RO          892    .ARM.Collect$$rtexit$$00000003  c_w.l(rtexit2.o)
    0x08000180   0x08000180   0x00000006   Code   RO          893    .ARM.Collect$$rtexit$$00000004  c_w.l(rtexit2.o)
    0x08000186   0x08000186   0x00000002   PAD
    0x08000188   0x08000188   0x0000000c   Code   RO          704    .emb_text           sys.o
    0x08000194   0x08000194   0x00000034   Code   RO            1    .text               led.o
    0x080001c8   0x080001c8   0x00000078   Code   RO          127    .text               spi.o
    0x08000240   0x08000240   0x00000430   Code   RO          142    .text               oled.o
    0x08000670   0x08000670   0x00000290   Code   RO          163    .text               tim_encoder_speed.o
    0x08000900   0x08000900   0x00000198   Code   RO          181    .text               tim_pwm.o
    0x08000a98   0x08000a98   0x00000048   Code   RO          211    .text               tcrt500l.o
    0x08000ae0   0x08000ae0   0x00000460   Code   RO          244    .text               mpu9250.o
    0x08000f40   0x08000f40   0x0000029c   Code   RO          265    .text               mpuiic.o
    0x080011dc   0x080011dc   0x000007e8   Code   RO          277    .text               control.o
    0x080019c4   0x080019c4   0x000001ec   Code   RO          316    .text               main.o
    0x08001bb0   0x08001bb0   0x00000018   Code   RO          361    .text               stm32f10x_it.o
    0x08001bc8   0x08001bc8   0x000001e0   Code   RO          376    .text               system_stm32f10x.o
    0x08001da8   0x08001da8   0x00000040   Code   RO          397    .text               startup_stm32f10x_md.o
    0x08001de8   0x08001de8   0x000000dc   Code   RO          412    .text               misc.o
    0x08001ec4   0x08001ec4   0x000005bc   Code   RO          532    .text               stm32f10x_flash.o
    0x08002480   0x08002480   0x0000035c   Code   RO          556    .text               stm32f10x_gpio.o
    0x080027dc   0x080027dc   0x000003a4   Code   RO          604    .text               stm32f10x_rcc.o
    0x08002b80   0x08002b80   0x00000e1a   Code   RO          654    .text               stm32f10x_tim.o
    0x0800399a   0x0800399a   0x00000002   PAD
    0x0800399c   0x0800399c   0x00000408   Code   RO          666    .text               stm32f10x_usart.o
    0x08003da4   0x08003da4   0x000000d4   Code   RO          690    .text               delay.o
    0x08003e78   0x08003e78   0x0000032c   Code   RO          705    .text               sys.o
    0x080041a4   0x080041a4   0x00000118   Code   RO          720    .text               usart.o
    0x080042bc   0x080042bc   0x00000138   Code   RO          732    .text               protocol.o
    0x080043f4   0x080043f4   0x00000064   Code   RO          753    .text               c_w.l(rt_memcpy_w.o)
    0x08004458   0x08004458   0x00000006   Code   RO          755    .text               c_w.l(heapauxi.o)
    0x0800445e   0x0800445e   0x0000004a   Code   RO          830    .text               c_w.l(sys_stackheap_outer.o)
    0x080044a8   0x080044a8   0x00000012   Code   RO          832    .text               c_w.l(exit.o)
    0x080044ba   0x080044ba   0x00000002   PAD
    0x080044bc   0x080044bc   0x00000008   Code   RO          840    .text               c_w.l(libspace.o)
    0x080044c4   0x080044c4   0x0000000c   Code   RO          901    .text               c_w.l(sys_exit.o)
    0x080044d0   0x080044d0   0x00000002   Code   RO          912    .text               c_w.l(use_no_semi.o)
    0x080044d2   0x080044d2   0x00000000   Code   RO          914    .text               c_w.l(indicate_semi.o)
    0x080044d2   0x080044d2   0x00000002   PAD
    0x080044d4   0x080044d4   0x00000062   Code   RO          759    x$fpl$d2f           fz_ws.l(d2f.o)
    0x08004536   0x08004536   0x00000002   PAD
    0x08004538   0x08004538   0x00000150   Code   RO          761    x$fpl$dadd          fz_ws.l(daddsub_clz.o)
    0x08004688   0x08004688   0x000002b0   Code   RO          768    x$fpl$ddiv          fz_ws.l(ddiv.o)
    0x08004938   0x08004938   0x0000005e   Code   RO          771    x$fpl$dfix          fz_ws.l(dfix.o)
    0x08004996   0x08004996   0x0000002e   Code   RO          776    x$fpl$dflt          fz_ws.l(dflt_clz.o)
    0x080049c4   0x080049c4   0x00000026   Code   RO          775    x$fpl$dfltu         fz_ws.l(dflt_clz.o)
    0x080049ea   0x080049ea   0x00000002   PAD
    0x080049ec   0x080049ec   0x00000154   Code   RO          781    x$fpl$dmul          fz_ws.l(dmul.o)
    0x08004b40   0x08004b40   0x0000009c   Code   RO          806    x$fpl$dnaninf       fz_ws.l(dnaninf.o)
    0x08004bdc   0x08004bdc   0x0000000c   Code   RO          808    x$fpl$dretinf       fz_ws.l(dretinf.o)
    0x08004be8   0x08004be8   0x000001d4   Code   RO          763    x$fpl$dsub          fz_ws.l(daddsub_clz.o)
    0x08004dbc   0x08004dbc   0x000000c4   Code   RO          783    x$fpl$fadd          fz_ws.l(faddsub_clz.o)
    0x08004e80   0x08004e80   0x00000184   Code   RO          790    x$fpl$fdiv          fz_ws.l(fdiv.o)
    0x08005004   0x08005004   0x00000036   Code   RO          793    x$fpl$ffix          fz_ws.l(ffix.o)
    0x0800503a   0x0800503a   0x00000002   PAD
    0x0800503c   0x0800503c   0x00000030   Code   RO          798    x$fpl$fflt          fz_ws.l(fflt_clz.o)
    0x0800506c   0x0800506c   0x00000026   Code   RO          797    x$fpl$ffltu         fz_ws.l(fflt_clz.o)
    0x08005092   0x08005092   0x00000002   PAD
    0x08005094   0x08005094   0x00000102   Code   RO          803    x$fpl$fmul          fz_ws.l(fmul.o)
    0x08005196   0x08005196   0x0000008c   Code   RO          810    x$fpl$fnaninf       fz_ws.l(fnaninf.o)
    0x08005222   0x08005222   0x0000000a   Code   RO          812    x$fpl$fretinf       fz_ws.l(fretinf.o)
    0x0800522c   0x0800522c   0x000000ea   Code   RO          785    x$fpl$fsub          fz_ws.l(faddsub_clz.o)
    0x08005316   0x08005316   0x00000000   Code   RO          814    x$fpl$usenofp       fz_ws.l(usenofp.o)
    0x08005316   0x08005316   0x00000998   Data   RO          143    .constdata          oled.o
    0x08005cae   0x08005cae   0x00000002   PAD
    0x08005cb0   0x08005cb0   0x00000020   Data   RO          967    Region$$Table       anon$$obj.o


    Execution Region RW_IRAM1 (Exec base: 0x20000000, Load base: 0x08005cd0, Size: 0x00000768, Max: 0x00002800, ABSOLUTE)

    Exec Addr    Load Addr    Size         Type   Attr      Idx    E Section Name        Object

    0x20000000   0x08005cd0   0x00000014   Data   RW          164    .data               tim_encoder_speed.o
    0x20000014   0x08005ce4   0x00000003   Data   RW          182    .data               tim_pwm.o
    0x20000017   0x08005ce7   0x00000001   PAD
    0x20000018   0x08005ce8   0x00000012   Data   RW          245    .data               mpu9250.o
    0x2000002a   0x08005cfa   0x00000002   PAD
    0x2000002c   0x08005cfc   0x00000020   Data   RW          279    .data               control.o
    0x2000004c   0x08005d1c   0x00000005   Data   RW          317    .data               main.o
    0x20000051   0x08005d21   0x00000003   PAD
    0x20000054   0x08005d24   0x00000014   Data   RW          377    .data               system_stm32f10x.o
    0x20000068   0x08005d38   0x00000014   Data   RW          605    .data               stm32f10x_rcc.o
    0x2000007c   0x08005d4c   0x00000004   Data   RW          691    .data               delay.o
    0x20000080   0x08005d50   0x00000017   Data   RW          734    .data               protocol.o
    0x20000097   0x08005d67   0x00000001   PAD
    0x20000098        -       0x00000050   Zero   RW          278    .bss                control.o
    0x200000e8        -       0x0000001c   Zero   RW          733    .bss                protocol.o
    0x20000104        -       0x00000060   Zero   RW          841    .bss                c_w.l(libspace.o)
    0x20000164   0x08005d67   0x00000004   PAD
    0x20000168        -       0x00000200   Zero   RW          395    HEAP                startup_stm32f10x_md.o
    0x20000368        -       0x00000400   Zero   RW          394    STACK               startup_stm32f10x_md.o


==============================================================================

Image component sizes


      Code (inc. data)   RO Data    RW Data    ZI Data      Debug   Object Name

      2024        156          0         32         80       4598   control.o
       212         18          0          4          0       1007   delay.o
        52          6          0          0          0     257591   led.o
       492        132          0          5          0        896   main.o
       220         22          0          0          0       1773   misc.o
      1120         54          0         18          0       5301   mpu9250.o
       668         14          0          0          0       1888   mpuiic.o
      1072         12       2456          0          0       3926   oled.o
       312         42          0         23         28       1952   protocol.o
       120         14          0          0          0        517   spi.o
        64         26        236          0       1536        820   startup_stm32f10x_md.o
      1468         34          0          0          0       8182   stm32f10x_flash.o
       860         38          0          0          0       5705   stm32f10x_gpio.o
        24          0          0          0          0       1078   stm32f10x_it.o
       932         36          0         20          0       8872   stm32f10x_rcc.o
      3610         88          0          0          0      22816   stm32f10x_tim.o
      1032         22          0          0          0       8432   stm32f10x_usart.o
       824         44          0          0          0       3176   sys.o
       480         38          0         20          0       1695   system_stm32f10x.o
        72         10          0          0          0        512   tcrt500l.o
       656         40          0         20          0       2807   tim_encoder_speed.o
       408         24          0          3          0       2189   tim_pwm.o
       280          8          0          0          0       1095   usart.o

    ----------------------------------------------------------------------
     17004        878       2726        152       1644     346828   Object Totals
         0          0         32          0          0          0   (incl. Generated)
         2          0          2          7          0          0   (incl. Padding)

    ----------------------------------------------------------------------

      Code (inc. data)   RO Data    RW Data    ZI Data      Debug   Library Member Name

         8          0          0          0          0         68   __main.o
         0          0          0          0          0          0   __rtentry.o
        12          0          0          0          0          0   __rtentry2.o
         6          0          0          0          0          0   __rtentry4.o
        52          8          0          0          0          0   __scatter.o
        26          0          0          0          0          0   __scatter_copy.o
        28          0          0          0          0          0   __scatter_zi.o
        18          0          0          0          0         80   exit.o
         6          0          0          0          0        152   heapauxi.o
         0          0          0          0          0          0   indicate_semi.o
         2          0          0          0          0          0   libinit.o
         2          0          0          0          0          0   libinit2.o
         2          0          0          0          0          0   libshutdown.o
         2          0          0          0          0          0   libshutdown2.o
         8          4          0          0         96         68   libspace.o
       100          0          0          0          0         80   rt_memcpy_w.o
         2          0          0          0          0          0   rtexit.o
        10          0          0          0          0          0   rtexit2.o
        12          4          0          0          0         68   sys_exit.o
        74          0          0          0          0         80   sys_stackheap_outer.o
         2          0          0          0          0         68   use_no_semi.o
        98          4          0          0          0         92   d2f.o
       804         16          0          0          0        272   daddsub_clz.o
       688        140          0          0          0        208   ddiv.o
        94          4          0          0          0         92   dfix.o
        84          0          0          0          0        136   dflt_clz.o
       340         12          0          0          0        104   dmul.o
       156          4          0          0          0         92   dnaninf.o
        12          0          0          0          0         68   dretinf.o
       430          8          0          0          0        168   faddsub_clz.o
       388         76          0          0          0         96   fdiv.o
        54          4          0          0          0         84   ffix.o
        86          0          0          0          0        136   fflt_clz.o
       258          4          0          0          0         84   fmul.o
       140          4          0          0          0         84   fnaninf.o
        10          0          0          0          0         68   fretinf.o
         0          0          0          0          0          0   usenofp.o

    ----------------------------------------------------------------------
      4030        292          0          0        100       2448   Library Totals
        16          0          0          0          4          0   (incl. Padding)

    ----------------------------------------------------------------------

      Code (inc. data)   RO Data    RW Data    ZI Data      Debug   Library Name

       372         16          0          0         96        664   c_w.l
      3642        276          0          0          0       1784   fz_ws.l

    ----------------------------------------------------------------------
      4030        292          0          0        100       2448   Library Totals

    ----------------------------------------------------------------------

==============================================================================


      Code (inc. data)   RO Data    RW Data    ZI Data      Debug   

     21034       1170       2726        152       1744     346360   Grand Totals
     21034       1170       2726        152       1744     346360   ELF Image Totals
     21034       1170       2726        152          0          0   ROM Totals

==============================================================================

    Total RO  Size (Code + RO Data)                23760 (  23.20kB)
    Total RW  Size (RW Data + ZI Data)              1896 (   1.85kB)
    Total ROM Size (Code + RO Data + RW Data)      23912 (  23.35kB)

==============================================================================

